
> resume-parser@1.0.0 dev
> vite

Failed to resolve dependency: [36mpdfjs-dist[39m, present in 'optimizeDeps.include'
Port 5173 is in use, trying another one...

  [32m[1mVITE[22m v5.4.21[39m  [2mready in [0m[1m937[22m[2m[0m ms[22m

  [32m➜[39m  [1mLocal[22m:   [36mhttp://localhost:[1m5174[22m/[39m
[2m  [32m➜[39m  [1mNetwork[22m[2m: use [22m[1m--host[22m[2m to expose[22m
[2m6:10:21 pm[22m [31m[1m[vite][22m[39m [31mInternal server error: Unable to parse HTML; parse5 error code eof-in-tag
 at C:/Users/jasmi/Desktop/pinnacle/Parser/resume-parser/index.html:14:8
[39m
   at C:/Users/jasmi/Desktop/pinnacle/Parser/resume-parser/index.html:14:8
      at handleParseError (file:///C:/Users/jasmi/Desktop/pinnacle/Parser/resume-parser/node_modules/vite/dist/node/chunks/dep-BK3b2jBa.js:35172:9)
      at Parser.onParseError (file:///C:/Users/jasmi/Desktop/pinnacle/Parser/resume-parser/node_modules/vite/dist/node/chunks/dep-BK3b2jBa.js:35097:7)
      at Tokenizer._err (file:///C:/Users/jasmi/Desktop/pinnacle/Parser/resume-parser/node_modules/vite/dist/node/chunks/dep-D-7KCb9p.js:1155:89)
      at Tokenizer._stateAfterAttributeName (file:///C:/Users/jasmi/Desktop/pinnacle/Parser/resume-parser/node_modules/vite/dist/node/chunks/dep-D-7KCb9p.js:2586:22)
      at Tokenizer._stateAttributeName (file:///C:/Users/jasmi/Desktop/pinnacle/Parser/resume-parser/node_modules/vite/dist/node/chunks/dep-D-7KCb9p.js:2536:22)
      at Tokenizer._callState (file:///C:/Users/jasmi/Desktop/pinnacle/Parser/resume-parser/node_modules/vite/dist/node/chunks/dep-D-7KCb9p.js:1642:22)
      at Tokenizer._runParsingLoop (file:///C:/Users/jasmi/Desktop/pinnacle/Parser/resume-parser/node_modules/vite/dist/node/chunks/dep-D-7KCb9p.js:1179:22)
      at Tokenizer.write (file:///C:/Users/jasmi/Desktop/pinnacle/Parser/resume-parser/node_modules/vite/dist/node/chunks/dep-D-7KCb9p.js:1204:14)
      at Parser.parse (file:///C:/Users/jasmi/Desktop/pinnacle/Parser/resume-parser/node_modules/vite/dist/node/chunks/dep-D-7KCb9p.js:4886:26)
      at parse (file:///C:/Users/jasmi/Desktop/pinnacle/Parser/resume-parser/node_modules/vite/dist/node/chunks/dep-D-7KCb9p.js:7957:19)
[2m6:10:27 pm[22m [31m[1m[vite][22m[39m [31mInternal server error: Unable to parse HTML; parse5 error code eof-in-tag
 at C:/Users/jasmi/Desktop/pinnacle/Parser/resume-parser/index.html:14:8
[39m
   at C:/Users/jasmi/Desktop/pinnacle/Parser/resume-parser/index.html:14:8
      at handleParseError (file:///C:/Users/jasmi/Desktop/pinnacle/Parser/resume-parser/node_modules/vite/dist/node/chunks/dep-BK3b2jBa.js:35172:9)
      at Parser.onParseError (file:///C:/Users/jasmi/Desktop/pinnacle/Parser/resume-parser/node_modules/vite/dist/node/chunks/dep-BK3b2jBa.js:35097:7)
      at Tokenizer._err (file:///C:/Users/jasmi/Desktop/pinnacle/Parser/resume-parser/node_modules/vite/dist/node/chunks/dep-D-7KCb9p.js:1155:89)
      at Tokenizer._stateAfterAttributeName (file:///C:/Users/jasmi/Desktop/pinnacle/Parser/resume-parser/node_modules/vite/dist/node/chunks/dep-D-7KCb9p.js:2586:22)
      at Tokenizer._stateAttributeName (file:///C:/Users/jasmi/Desktop/pinnacle/Parser/resume-parser/node_modules/vite/dist/node/chunks/dep-D-7KCb9p.js:2536:22)
      at Tokenizer._callState (file:///C:/Users/jasmi/Desktop/pinnacle/Parser/resume-parser/node_modules/vite/dist/node/chunks/dep-D-7KCb9p.js:1642:22)
      at Tokenizer._runParsingLoop (file:///C:/Users/jasmi/Desktop/pinnacle/Parser/resume-parser/node_modules/vite/dist/node/chunks/dep-D-7KCb9p.js:1179:22)
      at Tokenizer.write (file:///C:/Users/jasmi/Desktop/pinnacle/Parser/resume-parser/node_modules/vite/dist/node/chunks/dep-D-7KCb9p.js:1204:14)
      at Parser.parse (file:///C:/Users/jasmi/Desktop/pinnacle/Parser/resume-parser/node_modules/vite/dist/node/chunks/dep-D-7KCb9p.js:4886:26)
      at parse (file:///C:/Users/jasmi/Desktop/pinnacle/Parser/resume-parser/node_modules/vite/dist/node/chunks/dep-D-7KCb9p.js:7957:19)
[2m6:10:49 pm[22m [36m[1m[vite][22m[39m [32mpage reload [39m[2mindex.html[22m
[2m6:10:54 pm[22m [36m[1m[vite][22m[39m [32mpage reload [39m[2mindex.html[22m
[2m6:10:55 pm[22m [31m[1m[vite][22m[39m Pre-transform error: Failed to resolve import "pdfjs-dist" from "src/pdfReader.js". Does the file exist?
[2m6:10:55 pm[22m [31m[1m[vite][22m[39m Pre-transform error: C:\Users\jasmi\Desktop\pinnacle\Parser\resume-parser\src\tabs\EducationTab.jsx: Unexpected token, expected "," (135:12)

[0m [90m 133 |[39m           
 [90m 134 |[39m             href[33m=[39m{link}
[31m[1m>[22m[39m[90m 135 |[39m             target[33m=[39m[32m"_blank"[39m
 [90m     |[39m             [31m[1m^[22m[39m
 [90m 136 |[39m             rel[33m=[39m[32m"noreferrer"[39m
 [90m 137 |[39m             style[33m=[39m{{
 [90m 138 |[39m               fontSize[33m:[39m [35m11[39m[33m,[39m[0m
[2m6:10:55 pm[22m [31m[1m[vite][22m[39m [31mInternal server error: Failed to resolve import "pdfjs-dist" from "src/pdfReader.js". Does the file exist?[39m
  Plugin: [35mvite:import-analysis[39m
  File: [36mC:/Users/jasmi/Desktop/pinnacle/Parser/resume-parser/src/pdfReader.js[39m:1:28
[33m  1  |  import * as pdfjsLib from 'pdfjs-dist'
     |                             ^
  2  |  import pdfjsWorker from 'pdfjs-dist/build/pdf.worker?url'
  3  |  [39m
      at TransformPluginContext._formatError (file:///C:/Users/jasmi/Desktop/pinnacle/Parser/resume-parser/node_modules/vite/dist/node/chunks/dep-BK3b2jBa.js:49258:41)
      at TransformPluginContext.error (file:///C:/Users/jasmi/Desktop/pinnacle/Parser/resume-parser/node_modules/vite/dist/node/chunks/dep-BK3b2jBa.js:49253:16)
      at normalizeUrl (file:///C:/Users/jasmi/Desktop/pinnacle/Parser/resume-parser/node_modules/vite/dist/node/chunks/dep-BK3b2jBa.js:64307:23)
      at async file:///C:/Users/jasmi/Desktop/pinnacle/Parser/resume-parser/node_modules/vite/dist/node/chunks/dep-BK3b2jBa.js:64439:39
      at async Promise.all (index 0)
      at async TransformPluginContext.transform (file:///C:/Users/jasmi/Desktop/pinnacle/Parser/resume-parser/node_modules/vite/dist/node/chunks/dep-BK3b2jBa.js:64366:7)
      at async PluginContainer.transform (file:///C:/Users/jasmi/Desktop/pinnacle/Parser/resume-parser/node_modules/vite/dist/node/chunks/dep-BK3b2jBa.js:49099:18)
      at async loadAndTransform (file:///C:/Users/jasmi/Desktop/pinnacle/Parser/resume-parser/node_modules/vite/dist/node/chunks/dep-BK3b2jBa.js:51978:27)
      at async viteTransformMiddleware (file:///C:/Users/jasmi/Desktop/pinnacle/Parser/resume-parser/node_modules/vite/dist/node/chunks/dep-BK3b2jBa.js:62106:24)
[2m6:10:56 pm[22m [36m[1m[vite][22m[39m [32m✨ new dependencies optimized: [33mreact-dom/client[32m[39m
[2m6:10:56 pm[22m [36m[1m[vite][22m[39m [32m✨ optimized dependencies changed. reloading[39m
[2m6:10:57 pm[22m [31m[1m[vite][22m[39m [31mInternal server error: C:\Users\jasmi\Desktop\pinnacle\Parser\resume-parser\src\tabs\EducationTab.jsx: Unexpected token, expected "," (135:12)

[0m [90m 133 |[31m           
 [90m 134 |[31m             href[33m=[31m{link}
[31m[1m>[22m[31m[90m 135 |[31m             target[33m=[31m[32m"_blank"[31m
 [90m     |[31m             [31m[1m^[22m[31m
 [90m 136 |[31m             rel[33m=[31m[32m"noreferrer"[31m
 [90m 137 |[31m             style[33m=[31m{{
 [90m 138 |[31m               fontSize[33m:[31m [35m11[31m[33m,[31m[0m[39m
  Plugin: [35mvite:react-babel[39m
  File: [36mC:/Users/jasmi/Desktop/pinnacle/Parser/resume-parser/src/tabs/EducationTab.jsx[39m:135:12
[33m  138|                fontSize: 11,
  139|                color: '#0d9488',
  140|                textDecoration: 'underline',
     |          ^
  141|                flexShrink: 0,
  142|              }}>[39m
      at constructor (C:\Users\jasmi\Desktop\pinnacle\Parser\resume-parser\node_modules\@babel\parser\lib\index.js:365:19)
      at JSXParserMixin.raise (C:\Users\jasmi\Desktop\pinnacle\Parser\resume-parser\node_modules\@babel\parser\lib\index.js:6616:19)
      at JSXParserMixin.unexpected (C:\Users\jasmi\Desktop\pinnacle\Parser\resume-parser\node_modules\@babel\parser\lib\index.js:6636:16)
      at JSXParserMixin.expect (C:\Users\jasmi\Desktop\pinnacle\Parser\resume-parser\node_modules\@babel\parser\lib\index.js:6916:12)
      at JSXParserMixin.parseParenAndDistinguishExpression (C:\Users\jasmi\Desktop\pinnacle\Parser\resume-parser\node_modules\@babel\parser\lib\index.js:11678:14)
      at JSXParserMixin.parseExprAtom (C:\Users\jasmi\Desktop\pinnacle\Parser\resume-parser\node_modules\@babel\parser\lib\index.js:11348:23)
      at JSXParserMixin.parseExprAtom (C:\Users\jasmi\Desktop\pinnacle\Parser\resume-parser\node_modules\@babel\parser\lib\index.js:4776:20)
      at JSXParserMixin.parseExprSubscripts (C:\Users\jasmi\Desktop\pinnacle\Parser\resume-parser\node_modules\@babel\parser\lib\index.js:11098:23)
      at JSXParserMixin.parseUpdate (C:\Users\jasmi\Desktop\pinnacle\Parser\resume-parser\node_modules\@babel\parser\lib\index.js:11083:21)
      at JSXParserMixin.parseMaybeUnary (C:\Users\jasmi\Desktop\pinnacle\Parser\resume-parser\node_modules\@babel\parser\lib\index.js:11063:23)
      at JSXParserMixin.parseMaybeUnaryOrPrivate (C:\Users\jasmi\Desktop\pinnacle\Parser\resume-parser\node_modules\@babel\parser\lib\index.js:10916:61)
      at JSXParserMixin.parseExprOpBaseRightExpr (C:\Users\jasmi\Desktop\pinnacle\Parser\resume-parser\node_modules\@babel\parser\lib\index.js:11003:34)
      at JSXParserMixin.parseExprOpRightExpr (C:\Users\jasmi\Desktop\pinnacle\Parser\resume-parser\node_modules\@babel\parser\lib\index.js:10998:21)
      at JSXParserMixin.parseExprOp (C:\Users\jasmi\Desktop\pinnacle\Parser\resume-parser\node_modules\@babel\parser\lib\index.js:10964:27)
      at JSXParserMixin.parseExprOps (C:\Users\jasmi\Desktop\pinnacle\Parser\resume-parser\node_modules\@babel\parser\lib\index.js:10925:17)
      at JSXParserMixin.parseMaybeConditional (C:\Users\jasmi\Desktop\pinnacle\Parser\resume-parser\node_modules\@babel\parser\lib\index.js:10898:23)
      at JSXParserMixin.parseMaybeAssign (C:\Users\jasmi\Desktop\pinnacle\Parser\resume-parser\node_modules\@babel\parser\lib\index.js:10848:21)
      at JSXParserMixin.parseExpressionBase (C:\Users\jasmi\Desktop\pinnacle\Parser\resume-parser\node_modules\@babel\parser\lib\index.js:10801:23)
      at C:\Users\jasmi\Desktop\pinnacle\Parser\resume-parser\node_modules\@babel\parser\lib\index.js:10797:39
      at JSXParserMixin.allowInAnd (C:\Users\jasmi\Desktop\pinnacle\Parser\resume-parser\node_modules\@babel\parser\lib\index.js:12443:12)
      at JSXParserMixin.parseExpression (C:\Users\jasmi\Desktop\pinnacle\Parser\resume-parser\node_modules\@babel\parser\lib\index.js:10797:17)
      at JSXParserMixin.jsxParseExpressionContainer (C:\Users\jasmi\Desktop\pinnacle\Parser\resume-parser\node_modules\@babel\parser\lib\index.js:4644:31)
      at JSXParserMixin.jsxParseElementAt (C:\Users\jasmi\Desktop\pinnacle\Parser\resume-parser\node_modules\@babel\parser\lib\index.js:4723:36)
      at JSXParserMixin.jsxParseElementAt (C:\Users\jasmi\Desktop\pinnacle\Parser\resume-parser\node_modules\@babel\parser\lib\index.js:4710:32)
      at JSXParserMixin.jsxParseElement (C:\Users\jasmi\Desktop\pinnacle\Parser\resume-parser\node_modules\@babel\parser\lib\index.js:4761:17)
      at JSXParserMixin.parseExprAtom (C:\Users\jasmi\Desktop\pinnacle\Parser\resume-parser\node_modules\@babel\parser\lib\index.js:4771:19)
      at JSXParserMixin.parseExprSubscripts (C:\Users\jasmi\Desktop\pinnacle\Parser\resume-parser\node_modules\@babel\parser\lib\index.js:11098:23)
      at JSXParserMixin.parseUpdate (C:\Users\jasmi\Desktop\pinnacle\Parser\resume-parser\node_modules\@babel\parser\lib\index.js:11083:21)
      at JSXParserMixin.parseMaybeUnary (C:\Users\jasmi\Desktop\pinnacle\Parser\resume-parser\node_modules\@babel\parser\lib\index.js:11063:23)
      at JSXParserMixin.parseMaybeUnaryOrPrivate (C:\Users\jasmi\Desktop\pinnacle\Parser\resume-parser\node_modules\@babel\parser\lib\index.js:10916:61)
      at JSXParserMixin.parseExprOps (C:\Users\jasmi\Desktop\pinnacle\Parser\resume-parser\node_modules\@babel\parser\lib\index.js:10921:23)
      at JSXParserMixin.parseMaybeConditional (C:\Users\jasmi\Desktop\pinnacle\Parser\resume-parser\node_modules\@babel\parser\lib\index.js:10898:23)
      at JSXParserMixin.parseMaybeAssign (C:\Users\jasmi\Desktop\pinnacle\Parser\resume-parser\node_modules\@babel\parser\lib\index.js:10848:21)
      at C:\Users\jasmi\Desktop\pinnacle\Parser\resume-parser\node_modules\@babel\parser\lib\index.js:10817:39
      at JSXParserMixin.allowInAnd (C:\Users\jasmi\Desktop\pinnacle\Parser\resume-parser\node_modules\@babel\parser\lib\index.js:12443:12)
      at JSXParserMixin.parseMaybeAssignAllowIn (C:\Users\jasmi\Desktop\pinnacle\Parser\resume-parser\node_modules\@babel\parser\lib\index.js:10817:17)
      at JSXParserMixin.parseMaybeAssignAllowInOrVoidPattern (C:\Users\jasmi\Desktop\pinnacle\Parser\resume-parser\node_modules\@babel\parser\lib\index.js:12510:17)
      at JSXParserMixin.parseParenAndDistinguishExpression (C:\Users\jasmi\Desktop\pinnacle\Parser\resume-parser\node_modules\@babel\parser\lib\index.js:11692:28)
      at JSXParserMixin.parseExprAtom (C:\Users\jasmi\Desktop\pinnacle\Parser\resume-parser\node_modules\@babel\parser\lib\index.js:11348:23)
      at JSXParserMixin.parseExprAtom (C:\Users\jasmi\Desktop\pinnacle\Parser\resume-parser\node_modules\@babel\parser\lib\index.js:4776:20)
      at JSXParserMixin.parseExprSubscripts (C:\Users\jasmi\Desktop\pinnacle\Parser\resume-parser\node_modules\@babel\parser\lib\index.js:11098:23)
      at JSXParserMixin.parseUpdate (C:\Users\jasmi\Desktop\pinnacle\Parser\resume-parser\node_modules\@babel\parser\lib\index.js:11083:21)
      at JSXParserMixin.parseMaybeUnary (C:\Users\jasmi\Desktop\pinnacle\Parser\resume-parser\node_modules\@babel\parser\lib\index.js:11063:23)
      at JSXParserMixin.parseMaybeUnaryOrPrivate (C:\Users\jasmi\Desktop\pinnacle\Parser\resume-parser\node_modules\@babel\parser\lib\index.js:10916:61)
      at JSXParserMixin.parseExprOps (C:\Users\jasmi\Desktop\pinnacle\Parser\resume-parser\node_modules\@babel\parser\lib\index.js:10921:23)
      at JSXParserMixin.parseMaybeConditional (C:\Users\jasmi\Desktop\pinnacle\Parser\resume-parser\node_modules\@babel\parser\lib\index.js:10898:23)
      at JSXParserMixin.parseMaybeAssign (C:\Users\jasmi\Desktop\pinnacle\Parser\resume-parser\node_modules\@babel\parser\lib\index.js:10848:21)
      at JSXParserMixin.parseExpressionBase (C:\Users\jasmi\Desktop\pinnacle\Parser\resume-parser\node_modules\@babel\parser\lib\index.js:10801:23)
      at C:\Users\jasmi\Desktop\pinnacle\Parser\resume-parser\node_modules\@babel\parser\lib\index.js:10797:39
      at JSXParserMixin.allowInAnd (C:\Users\jasmi\Desktop\pinnacle\Parser\resume-parser\node_modules\@babel\parser\lib\index.js:12438:16)
[2m6:10:58 pm[22m [31m[1m[vite][22m[39m Pre-transform error: Failed to resolve import "pdfjs-dist" from "src/pdfReader.js". Does the file exist?
[2m6:10:58 pm[22m [31m[1m[vite][22m[39m Pre-transform error: C:\Users\jasmi\Desktop\pinnacle\Parser\resume-parser\src\tabs\EducationTab.jsx: Unexpected token, expected "," (135:12)

[0m [90m 133 |[39m           
 [90m 134 |[39m             href[33m=[39m{link}
[31m[1m>[22m[39m[90m 135 |[39m             target[33m=[39m[32m"_blank"[39m
 [90m     |[39m             [31m[1m^[22m[39m
 [90m 136 |[39m             rel[33m=[39m[32m"noreferrer"[39m
 [90m 137 |[39m             style[33m=[39m{{
 [90m 138 |[39m               fontSize[33m:[39m [35m11[39m[33m,[39m[0m
[2m6:10:58 pm[22m [31m[1m[vite][22m[39m [31mInternal server error: Failed to resolve import "pdfjs-dist" from "src/pdfReader.js". Does the file exist?[39m
  Plugin: [35mvite:import-analysis[39m
  File: [36mC:/Users/jasmi/Desktop/pinnacle/Parser/resume-parser/src/pdfReader.js[39m:1:28
[33m  1  |  import * as pdfjsLib from 'pdfjs-dist'
     |                             ^
  2  |  import pdfjsWorker from 'pdfjs-dist/build/pdf.worker?url'
  3  |  [39m
      at TransformPluginContext._formatError (file:///C:/Users/jasmi/Desktop/pinnacle/Parser/resume-parser/node_modules/vite/dist/node/chunks/dep-BK3b2jBa.js:49258:41)
      at TransformPluginContext.error (file:///C:/Users/jasmi/Desktop/pinnacle/Parser/resume-parser/node_modules/vite/dist/node/chunks/dep-BK3b2jBa.js:49253:16)
      at normalizeUrl (file:///C:/Users/jasmi/Desktop/pinnacle/Parser/resume-parser/node_modules/vite/dist/node/chunks/dep-BK3b2jBa.js:64307:23)
      at async file:///C:/Users/jasmi/Desktop/pinnacle/Parser/resume-parser/node_modules/vite/dist/node/chunks/dep-BK3b2jBa.js:64439:39
      at async Promise.all (index 0)
      at async TransformPluginContext.transform (file:///C:/Users/jasmi/Desktop/pinnacle/Parser/resume-parser/node_modules/vite/dist/node/chunks/dep-BK3b2jBa.js:64366:7)
      at async PluginContainer.transform (file:///C:/Users/jasmi/Desktop/pinnacle/Parser/resume-parser/node_modules/vite/dist/node/chunks/dep-BK3b2jBa.js:49099:18)
      at async loadAndTransform (file:///C:/Users/jasmi/Desktop/pinnacle/Parser/resume-parser/node_modules/vite/dist/node/chunks/dep-BK3b2jBa.js:51978:27)
      at async viteTransformMiddleware (file:///C:/Users/jasmi/Desktop/pinnacle/Parser/resume-parser/node_modules/vite/dist/node/chunks/dep-BK3b2jBa.js:62106:24)
[2m6:10:58 pm[22m [31m[1m[vite][22m[39m [31mInternal server error: C:\Users\jasmi\Desktop\pinnacle\Parser\resume-parser\src\tabs\EducationTab.jsx: Unexpected token, expected "," (135:12)

[0m [90m 133 |[31m           
 [90m 134 |[31m             href[33m=[31m{link}
[31m[1m>[22m[31m[90m 135 |[31m             target[33m=[31m[32m"_blank"[31m
 [90m     |[31m             [31m[1m^[22m[31m
 [90m 136 |[31m             rel[33m=[31m[32m"noreferrer"[31m
 [90m 137 |[31m             style[33m=[31m{{
 [90m 138 |[31m               fontSize[33m:[31m [35m11[31m[33m,[31m[0m[39m
  Plugin: [35mvite:react-babel[39m
  File: [36mC:/Users/jasmi/Desktop/pinnacle/Parser/resume-parser/src/tabs/EducationTab.jsx[39m:135:12
[33m  138|                fontSize: 11,
  139|                color: '#0d9488',
  140|                textDecoration: 'underline',
     |          ^
  141|                flexShrink: 0,
  142|              }}>[39m
      at constructor (C:\Users\jasmi\Desktop\pinnacle\Parser\resume-parser\node_modules\@babel\parser\lib\index.js:365:19)
      at JSXParserMixin.raise (C:\Users\jasmi\Desktop\pinnacle\Parser\resume-parser\node_modules\@babel\parser\lib\index.js:6616:19)
      at JSXParserMixin.unexpected (C:\Users\jasmi\Desktop\pinnacle\Parser\resume-parser\node_modules\@babel\parser\lib\index.js:6636:16)
      at JSXParserMixin.expect (C:\Users\jasmi\Desktop\pinnacle\Parser\resume-parser\node_modules\@babel\parser\lib\index.js:6916:12)
      at JSXParserMixin.parseParenAndDistinguishExpression (C:\Users\jasmi\Desktop\pinnacle\Parser\resume-parser\node_modules\@babel\parser\lib\index.js:11678:14)
      at JSXParserMixin.parseExprAtom (C:\Users\jasmi\Desktop\pinnacle\Parser\resume-parser\node_modules\@babel\parser\lib\index.js:11348:23)
      at JSXParserMixin.parseExprAtom (C:\Users\jasmi\Desktop\pinnacle\Parser\resume-parser\node_modules\@babel\parser\lib\index.js:4776:20)
      at JSXParserMixin.parseExprSubscripts (C:\Users\jasmi\Desktop\pinnacle\Parser\resume-parser\node_modules\@babel\parser\lib\index.js:11098:23)
      at JSXParserMixin.parseUpdate (C:\Users\jasmi\Desktop\pinnacle\Parser\resume-parser\node_modules\@babel\parser\lib\index.js:11083:21)
      at JSXParserMixin.parseMaybeUnary (C:\Users\jasmi\Desktop\pinnacle\Parser\resume-parser\node_modules\@babel\parser\lib\index.js:11063:23)
      at JSXParserMixin.parseMaybeUnaryOrPrivate (C:\Users\jasmi\Desktop\pinnacle\Parser\resume-parser\node_modules\@babel\parser\lib\index.js:10916:61)
      at JSXParserMixin.parseExprOpBaseRightExpr (C:\Users\jasmi\Desktop\pinnacle\Parser\resume-parser\node_modules\@babel\parser\lib\index.js:11003:34)
      at JSXParserMixin.parseExprOpRightExpr (C:\Users\jasmi\Desktop\pinnacle\Parser\resume-parser\node_modules\@babel\parser\lib\index.js:10998:21)
      at JSXParserMixin.parseExprOp (C:\Users\jasmi\Desktop\pinnacle\Parser\resume-parser\node_modules\@babel\parser\lib\index.js:10964:27)
      at JSXParserMixin.parseExprOps (C:\Users\jasmi\Desktop\pinnacle\Parser\resume-parser\node_modules\@babel\parser\lib\index.js:10925:17)
      at JSXParserMixin.parseMaybeConditional (C:\Users\jasmi\Desktop\pinnacle\Parser\resume-parser\node_modules\@babel\parser\lib\index.js:10898:23)
      at JSXParserMixin.parseMaybeAssign (C:\Users\jasmi\Desktop\pinnacle\Parser\resume-parser\node_modules\@babel\parser\lib\index.js:10848:21)
      at JSXParserMixin.parseExpressionBase (C:\Users\jasmi\Desktop\pinnacle\Parser\resume-parser\node_modules\@babel\parser\lib\index.js:10801:23)
      at C:\Users\jasmi\Desktop\pinnacle\Parser\resume-parser\node_modules\@babel\parser\lib\index.js:10797:39
      at JSXParserMixin.allowInAnd (C:\Users\jasmi\Desktop\pinnacle\Parser\resume-parser\node_modules\@babel\parser\lib\index.js:12443:12)
      at JSXParserMixin.parseExpression (C:\Users\jasmi\Desktop\pinnacle\Parser\resume-parser\node_modules\@babel\parser\lib\index.js:10797:17)
      at JSXParserMixin.jsxParseExpressionContainer (C:\Users\jasmi\Desktop\pinnacle\Parser\resume-parser\node_modules\@babel\parser\lib\index.js:4644:31)
      at JSXParserMixin.jsxParseElementAt (C:\Users\jasmi\Desktop\pinnacle\Parser\resume-parser\node_modules\@babel\parser\lib\index.js:4723:36)
      at JSXParserMixin.jsxParseElementAt (C:\Users\jasmi\Desktop\pinnacle\Parser\resume-parser\node_modules\@babel\parser\lib\index.js:4710:32)
      at JSXParserMixin.jsxParseElement (C:\Users\jasmi\Desktop\pinnacle\Parser\resume-parser\node_modules\@babel\parser\lib\index.js:4761:17)
      at JSXParserMixin.parseExprAtom (C:\Users\jasmi\Desktop\pinnacle\Parser\resume-parser\node_modules\@babel\parser\lib\index.js:4771:19)
      at JSXParserMixin.parseExprSubscripts (C:\Users\jasmi\Desktop\pinnacle\Parser\resume-parser\node_modules\@babel\parser\lib\index.js:11098:23)
      at JSXParserMixin.parseUpdate (C:\Users\jasmi\Desktop\pinnacle\Parser\resume-parser\node_modules\@babel\parser\lib\index.js:11083:21)
      at JSXParserMixin.parseMaybeUnary (C:\Users\jasmi\Desktop\pinnacle\Parser\resume-parser\node_modules\@babel\parser\lib\index.js:11063:23)
      at JSXParserMixin.parseMaybeUnaryOrPrivate (C:\Users\jasmi\Desktop\pinnacle\Parser\resume-parser\node_modules\@babel\parser\lib\index.js:10916:61)
      at JSXParserMixin.parseExprOps (C:\Users\jasmi\Desktop\pinnacle\Parser\resume-parser\node_modules\@babel\parser\lib\index.js:10921:23)
      at JSXParserMixin.parseMaybeConditional (C:\Users\jasmi\Desktop\pinnacle\Parser\resume-parser\node_modules\@babel\parser\lib\index.js:10898:23)
      at JSXParserMixin.parseMaybeAssign (C:\Users\jasmi\Desktop\pinnacle\Parser\resume-parser\node_modules\@babel\parser\lib\index.js:10848:21)
      at C:\Users\jasmi\Desktop\pinnacle\Parser\resume-parser\node_modules\@babel\parser\lib\index.js:10817:39
      at JSXParserMixin.allowInAnd (C:\Users\jasmi\Desktop\pinnacle\Parser\resume-parser\node_modules\@babel\parser\lib\index.js:12443:12)
      at JSXParserMixin.parseMaybeAssignAllowIn (C:\Users\jasmi\Desktop\pinnacle\Parser\resume-parser\node_modules\@babel\parser\lib\index.js:10817:17)
      at JSXParserMixin.parseMaybeAssignAllowInOrVoidPattern (C:\Users\jasmi\Desktop\pinnacle\Parser\resume-parser\node_modules\@babel\parser\lib\index.js:12510:17)
      at JSXParserMixin.parseParenAndDistinguishExpression (C:\Users\jasmi\Desktop\pinnacle\Parser\resume-parser\node_modules\@babel\parser\lib\index.js:11692:28)
      at JSXParserMixin.parseExprAtom (C:\Users\jasmi\Desktop\pinnacle\Parser\resume-parser\node_modules\@babel\parser\lib\index.js:11348:23)
      at JSXParserMixin.parseExprAtom (C:\Users\jasmi\Desktop\pinnacle\Parser\resume-parser\node_modules\@babel\parser\lib\index.js:4776:20)
      at JSXParserMixin.parseExprSubscripts (C:\Users\jasmi\Desktop\pinnacle\Parser\resume-parser\node_modules\@babel\parser\lib\index.js:11098:23)
      at JSXParserMixin.parseUpdate (C:\Users\jasmi\Desktop\pinnacle\Parser\resume-parser\node_modules\@babel\parser\lib\index.js:11083:21)
      at JSXParserMixin.parseMaybeUnary (C:\Users\jasmi\Desktop\pinnacle\Parser\resume-parser\node_modules\@babel\parser\lib\index.js:11063:23)
      at JSXParserMixin.parseMaybeUnaryOrPrivate (C:\Users\jasmi\Desktop\pinnacle\Parser\resume-parser\node_modules\@babel\parser\lib\index.js:10916:61)
      at JSXParserMixin.parseExprOps (C:\Users\jasmi\Desktop\pinnacle\Parser\resume-parser\node_modules\@babel\parser\lib\index.js:10921:23)
      at JSXParserMixin.parseMaybeConditional (C:\Users\jasmi\Desktop\pinnacle\Parser\resume-parser\node_modules\@babel\parser\lib\index.js:10898:23)
      at JSXParserMixin.parseMaybeAssign (C:\Users\jasmi\Desktop\pinnacle\Parser\resume-parser\node_modules\@babel\parser\lib\index.js:10848:21)
      at JSXParserMixin.parseExpressionBase (C:\Users\jasmi\Desktop\pinnacle\Parser\resume-parser\node_modules\@babel\parser\lib\index.js:10801:23)
      at C:\Users\jasmi\Desktop\pinnacle\Parser\resume-parser\node_modules\@babel\parser\lib\index.js:10797:39
      at JSXParserMixin.allowInAnd (C:\Users\jasmi\Desktop\pinnacle\Parser\resume-parser\node_modules\@babel\parser\lib\index.js:12438:16)
[2m6:11:08 pm[22m [31m[1m[vite][22m[39m [31mInternal server error: Failed to resolve import "pdfjs-dist" from "src/pdfReader.js". Does the file exist?[39m
  Plugin: [35mvite:import-analysis[39m
  File: [36mC:/Users/jasmi/Desktop/pinnacle/Parser/resume-parser/src/pdfReader.js[39m:1:28
[33m  1  |  import * as pdfjsLib from 'pdfjs-dist'
     |                             ^
  2  |  import pdfjsWorker from 'pdfjs-dist/build/pdf.worker?url'
  3  |  [39m
      at TransformPluginContext._formatError (file:///C:/Users/jasmi/Desktop/pinnacle/Parser/resume-parser/node_modules/vite/dist/node/chunks/dep-BK3b2jBa.js:49258:41)
      at TransformPluginContext.error (file:///C:/Users/jasmi/Desktop/pinnacle/Parser/resume-parser/node_modules/vite/dist/node/chunks/dep-BK3b2jBa.js:49253:16)
      at normalizeUrl (file:///C:/Users/jasmi/Desktop/pinnacle/Parser/resume-parser/node_modules/vite/dist/node/chunks/dep-BK3b2jBa.js:64307:23)
      at async file:///C:/Users/jasmi/Desktop/pinnacle/Parser/resume-parser/node_modules/vite/dist/node/chunks/dep-BK3b2jBa.js:64439:39
      at async Promise.all (index 0)
      at async TransformPluginContext.transform (file:///C:/Users/jasmi/Desktop/pinnacle/Parser/resume-parser/node_modules/vite/dist/node/chunks/dep-BK3b2jBa.js:64366:7)
      at async PluginContainer.transform (file:///C:/Users/jasmi/Desktop/pinnacle/Parser/resume-parser/node_modules/vite/dist/node/chunks/dep-BK3b2jBa.js:49099:18)
      at async loadAndTransform (file:///C:/Users/jasmi/Desktop/pinnacle/Parser/resume-parser/node_modules/vite/dist/node/chunks/dep-BK3b2jBa.js:51978:27)
      at async viteTransformMiddleware (file:///C:/Users/jasmi/Desktop/pinnacle/Parser/resume-parser/node_modules/vite/dist/node/chunks/dep-BK3b2jBa.js:62106:24)
[2m6:11:08 pm[22m [31m[1m[vite][22m[39m [31mInternal server error: C:\Users\jasmi\Desktop\pinnacle\Parser\resume-parser\src\tabs\EducationTab.jsx: Unexpected token, expected "," (135:12)

[0m [90m 133 |[31m           
 [90m 134 |[31m             href[33m=[31m{link}
[31m[1m>[22m[31m[90m 135 |[31m             target[33m=[31m[32m"_blank"[31m
 [90m     |[31m             [31m[1m^[22m[31m
 [90m 136 |[31m             rel[33m=[31m[32m"noreferrer"[31m
 [90m 137 |[31m             style[33m=[31m{{
 [90m 138 |[31m               fontSize[33m:[31m [35m11[31m[33m,[31m[0m[39m
  Plugin: [35mvite:react-babel[39m
  File: [36mC:/Users/jasmi/Desktop/pinnacle/Parser/resume-parser/src/tabs/EducationTab.jsx[39m:135:12
[33m  138|                fontSize: 11,
  139|                color: '#0d9488',
  140|                textDecoration: 'underline',
     |          ^
  141|                flexShrink: 0,
  142|              }}>[39m
      at constructor (C:\Users\jasmi\Desktop\pinnacle\Parser\resume-parser\node_modules\@babel\parser\lib\index.js:365:19)
      at JSXParserMixin.raise (C:\Users\jasmi\Desktop\pinnacle\Parser\resume-parser\node_modules\@babel\parser\lib\index.js:6616:19)
      at JSXParserMixin.unexpected (C:\Users\jasmi\Desktop\pinnacle\Parser\resume-parser\node_modules\@babel\parser\lib\index.js:6636:16)
      at JSXParserMixin.expect (C:\Users\jasmi\Desktop\pinnacle\Parser\resume-parser\node_modules\@babel\parser\lib\index.js:6916:12)
      at JSXParserMixin.parseParenAndDistinguishExpression (C:\Users\jasmi\Desktop\pinnacle\Parser\resume-parser\node_modules\@babel\parser\lib\index.js:11678:14)
      at JSXParserMixin.parseExprAtom (C:\Users\jasmi\Desktop\pinnacle\Parser\resume-parser\node_modules\@babel\parser\lib\index.js:11348:23)
      at JSXParserMixin.parseExprAtom (C:\Users\jasmi\Desktop\pinnacle\Parser\resume-parser\node_modules\@babel\parser\lib\index.js:4776:20)
      at JSXParserMixin.parseExprSubscripts (C:\Users\jasmi\Desktop\pinnacle\Parser\resume-parser\node_modules\@babel\parser\lib\index.js:11098:23)
      at JSXParserMixin.parseUpdate (C:\Users\jasmi\Desktop\pinnacle\Parser\resume-parser\node_modules\@babel\parser\lib\index.js:11083:21)
      at JSXParserMixin.parseMaybeUnary (C:\Users\jasmi\Desktop\pinnacle\Parser\resume-parser\node_modules\@babel\parser\lib\index.js:11063:23)
      at JSXParserMixin.parseMaybeUnaryOrPrivate (C:\Users\jasmi\Desktop\pinnacle\Parser\resume-parser\node_modules\@babel\parser\lib\index.js:10916:61)
      at JSXParserMixin.parseExprOpBaseRightExpr (C:\Users\jasmi\Desktop\pinnacle\Parser\resume-parser\node_modules\@babel\parser\lib\index.js:11003:34)
      at JSXParserMixin.parseExprOpRightExpr (C:\Users\jasmi\Desktop\pinnacle\Parser\resume-parser\node_modules\@babel\parser\lib\index.js:10998:21)
      at JSXParserMixin.parseExprOp (C:\Users\jasmi\Desktop\pinnacle\Parser\resume-parser\node_modules\@babel\parser\lib\index.js:10964:27)
      at JSXParserMixin.parseExprOps (C:\Users\jasmi\Desktop\pinnacle\Parser\resume-parser\node_modules\@babel\parser\lib\index.js:10925:17)
      at JSXParserMixin.parseMaybeConditional (C:\Users\jasmi\Desktop\pinnacle\Parser\resume-parser\node_modules\@babel\parser\lib\index.js:10898:23)
      at JSXParserMixin.parseMaybeAssign (C:\Users\jasmi\Desktop\pinnacle\Parser\resume-parser\node_modules\@babel\parser\lib\index.js:10848:21)
      at JSXParserMixin.parseExpressionBase (C:\Users\jasmi\Desktop\pinnacle\Parser\resume-parser\node_modules\@babel\parser\lib\index.js:10801:23)
      at C:\Users\jasmi\Desktop\pinnacle\Parser\resume-parser\node_modules\@babel\parser\lib\index.js:10797:39
      at JSXParserMixin.allowInAnd (C:\Users\jasmi\Desktop\pinnacle\Parser\resume-parser\node_modules\@babel\parser\lib\index.js:12443:12)
      at JSXParserMixin.parseExpression (C:\Users\jasmi\Desktop\pinnacle\Parser\resume-parser\node_modules\@babel\parser\lib\index.js:10797:17)
      at JSXParserMixin.jsxParseExpressionContainer (C:\Users\jasmi\Desktop\pinnacle\Parser\resume-parser\node_modules\@babel\parser\lib\index.js:4644:31)
      at JSXParserMixin.jsxParseElementAt (C:\Users\jasmi\Desktop\pinnacle\Parser\resume-parser\node_modules\@babel\parser\lib\index.js:4723:36)
      at JSXParserMixin.jsxParseElementAt (C:\Users\jasmi\Desktop\pinnacle\Parser\resume-parser\node_modules\@babel\parser\lib\index.js:4710:32)
      at JSXParserMixin.jsxParseElement (C:\Users\jasmi\Desktop\pinnacle\Parser\resume-parser\node_modules\@babel\parser\lib\index.js:4761:17)
      at JSXParserMixin.parseExprAtom (C:\Users\jasmi\Desktop\pinnacle\Parser\resume-parser\node_modules\@babel\parser\lib\index.js:4771:19)
      at JSXParserMixin.parseExprSubscripts (C:\Users\jasmi\Desktop\pinnacle\Parser\resume-parser\node_modules\@babel\parser\lib\index.js:11098:23)
      at JSXParserMixin.parseUpdate (C:\Users\jasmi\Desktop\pinnacle\Parser\resume-parser\node_modules\@babel\parser\lib\index.js:11083:21)
      at JSXParserMixin.parseMaybeUnary (C:\Users\jasmi\Desktop\pinnacle\Parser\resume-parser\node_modules\@babel\parser\lib\index.js:11063:23)
      at JSXParserMixin.parseMaybeUnaryOrPrivate (C:\Users\jasmi\Desktop\pinnacle\Parser\resume-parser\node_modules\@babel\parser\lib\index.js:10916:61)
      at JSXParserMixin.parseExprOps (C:\Users\jasmi\Desktop\pinnacle\Parser\resume-parser\node_modules\@babel\parser\lib\index.js:10921:23)
      at JSXParserMixin.parseMaybeConditional (C:\Users\jasmi\Desktop\pinnacle\Parser\resume-parser\node_modules\@babel\parser\lib\index.js:10898:23)
      at JSXParserMixin.parseMaybeAssign (C:\Users\jasmi\Desktop\pinnacle\Parser\resume-parser\node_modules\@babel\parser\lib\index.js:10848:21)
      at C:\Users\jasmi\Desktop\pinnacle\Parser\resume-parser\node_modules\@babel\parser\lib\index.js:10817:39
      at JSXParserMixin.allowInAnd (C:\Users\jasmi\Desktop\pinnacle\Parser\resume-parser\node_modules\@babel\parser\lib\index.js:12443:12)
      at JSXParserMixin.parseMaybeAssignAllowIn (C:\Users\jasmi\Desktop\pinnacle\Parser\resume-parser\node_modules\@babel\parser\lib\index.js:10817:17)
      at JSXParserMixin.parseMaybeAssignAllowInOrVoidPattern (C:\Users\jasmi\Desktop\pinnacle\Parser\resume-parser\node_modules\@babel\parser\lib\index.js:12510:17)
      at JSXParserMixin.parseParenAndDistinguishExpression (C:\Users\jasmi\Desktop\pinnacle\Parser\resume-parser\node_modules\@babel\parser\lib\index.js:11692:28)
      at JSXParserMixin.parseExprAtom (C:\Users\jasmi\Desktop\pinnacle\Parser\resume-parser\node_modules\@babel\parser\lib\index.js:11348:23)
      at JSXParserMixin.parseExprAtom (C:\Users\jasmi\Desktop\pinnacle\Parser\resume-parser\node_modules\@babel\parser\lib\index.js:4776:20)
      at JSXParserMixin.parseExprSubscripts (C:\Users\jasmi\Desktop\pinnacle\Parser\resume-parser\node_modules\@babel\parser\lib\index.js:11098:23)
      at JSXParserMixin.parseUpdate (C:\Users\jasmi\Desktop\pinnacle\Parser\resume-parser\node_modules\@babel\parser\lib\index.js:11083:21)
      at JSXParserMixin.parseMaybeUnary (C:\Users\jasmi\Desktop\pinnacle\Parser\resume-parser\node_modules\@babel\parser\lib\index.js:11063:23)
      at JSXParserMixin.parseMaybeUnaryOrPrivate (C:\Users\jasmi\Desktop\pinnacle\Parser\resume-parser\node_modules\@babel\parser\lib\index.js:10916:61)
      at JSXParserMixin.parseExprOps (C:\Users\jasmi\Desktop\pinnacle\Parser\resume-parser\node_modules\@babel\parser\lib\index.js:10921:23)
      at JSXParserMixin.parseMaybeConditional (C:\Users\jasmi\Desktop\pinnacle\Parser\resume-parser\node_modules\@babel\parser\lib\index.js:10898:23)
      at JSXParserMixin.parseMaybeAssign (C:\Users\jasmi\Desktop\pinnacle\Parser\resume-parser\node_modules\@babel\parser\lib\index.js:10848:21)
      at JSXParserMixin.parseExpressionBase (C:\Users\jasmi\Desktop\pinnacle\Parser\resume-parser\node_modules\@babel\parser\lib\index.js:10801:23)
      at C:\Users\jasmi\Desktop\pinnacle\Parser\resume-parser\node_modules\@babel\parser\lib\index.js:10797:39
      at JSXParserMixin.allowInAnd (C:\Users\jasmi\Desktop\pinnacle\Parser\resume-parser\node_modules\@babel\parser\lib\index.js:12438:16)
[2m6:11:14 pm[22m [36m[1m[vite][22m[39m [32mhmr update [39m[2m/src/App.jsx[22m
[2m6:11:15 pm[22m [31m[1m[vite][22m[39m Pre-transform error: Failed to resolve import "pdfjs-dist" from "src/pdfReader.js". Does the file exist?
[2m6:11:15 pm[22m [31m[1m[vite][22m[39m Pre-transform error: C:\Users\jasmi\Desktop\pinnacle\Parser\resume-parser\src\tabs\EducationTab.jsx: Unexpected token, expected "," (135:12)

[0m [90m 133 |[39m           
 [90m 134 |[39m             href[33m=[39m{link}
[31m[1m>[22m[39m[90m 135 |[39m             target[33m=[39m[32m"_blank"[39m
 [90m     |[39m             [31m[1m^[22m[39m
 [90m 136 |[39m             rel[33m=[39m[32m"noreferrer"[39m
 [90m 137 |[39m             style[33m=[39m{{
 [90m 138 |[39m               fontSize[33m:[39m [35m11[39m[33m,[39m[0m
[2m6:11:16 pm[22m [31m[1m[vite][22m[39m [31mInternal server error: Failed to resolve import "pdfjs-dist" from "src/pdfReader.js". Does the file exist?[39m
  Plugin: [35mvite:import-analysis[39m
  File: [36mC:/Users/jasmi/Desktop/pinnacle/Parser/resume-parser/src/pdfReader.js[39m:1:28
[33m  1  |  import * as pdfjsLib from 'pdfjs-dist'
     |                             ^
  2  |  import pdfjsWorker from 'pdfjs-dist/build/pdf.worker?url'
  3  |  [39m
      at TransformPluginContext._formatError (file:///C:/Users/jasmi/Desktop/pinnacle/Parser/resume-parser/node_modules/vite/dist/node/chunks/dep-BK3b2jBa.js:49258:41)
      at TransformPluginContext.error (file:///C:/Users/jasmi/Desktop/pinnacle/Parser/resume-parser/node_modules/vite/dist/node/chunks/dep-BK3b2jBa.js:49253:16)
      at normalizeUrl (file:///C:/Users/jasmi/Desktop/pinnacle/Parser/resume-parser/node_modules/vite/dist/node/chunks/dep-BK3b2jBa.js:64307:23)
      at async file:///C:/Users/jasmi/Desktop/pinnacle/Parser/resume-parser/node_modules/vite/dist/node/chunks/dep-BK3b2jBa.js:64439:39
      at async Promise.all (index 0)
      at async TransformPluginContext.transform (file:///C:/Users/jasmi/Desktop/pinnacle/Parser/resume-parser/node_modules/vite/dist/node/chunks/dep-BK3b2jBa.js:64366:7)
      at async PluginContainer.transform (file:///C:/Users/jasmi/Desktop/pinnacle/Parser/resume-parser/node_modules/vite/dist/node/chunks/dep-BK3b2jBa.js:49099:18)
      at async loadAndTransform (file:///C:/Users/jasmi/Desktop/pinnacle/Parser/resume-parser/node_modules/vite/dist/node/chunks/dep-BK3b2jBa.js:51978:27)
      at async viteTransformMiddleware (file:///C:/Users/jasmi/Desktop/pinnacle/Parser/resume-parser/node_modules/vite/dist/node/chunks/dep-BK3b2jBa.js:62106:24)
[2m6:11:16 pm[22m [31m[1m[vite][22m[39m [31mInternal server error: C:\Users\jasmi\Desktop\pinnacle\Parser\resume-parser\src\tabs\EducationTab.jsx: Unexpected token, expected "," (135:12)

[0m [90m 133 |[31m           
 [90m 134 |[31m             href[33m=[31m{link}
[31m[1m>[22m[31m[90m 135 |[31m             target[33m=[31m[32m"_blank"[31m
 [90m     |[31m             [31m[1m^[22m[31m
 [90m 136 |[31m             rel[33m=[31m[32m"noreferrer"[31m
 [90m 137 |[31m             style[33m=[31m{{
 [90m 138 |[31m               fontSize[33m:[31m [35m11[31m[33m,[31m[0m[39m
  Plugin: [35mvite:react-babel[39m
  File: [36mC:/Users/jasmi/Desktop/pinnacle/Parser/resume-parser/src/tabs/EducationTab.jsx[39m:135:12
[33m  138|                fontSize: 11,
  139|                color: '#0d9488',
  140|                textDecoration: 'underline',
     |          ^
  141|                flexShrink: 0,
  142|              }}>[39m
      at constructor (C:\Users\jasmi\Desktop\pinnacle\Parser\resume-parser\node_modules\@babel\parser\lib\index.js:365:19)
      at JSXParserMixin.raise (C:\Users\jasmi\Desktop\pinnacle\Parser\resume-parser\node_modules\@babel\parser\lib\index.js:6616:19)
      at JSXParserMixin.unexpected (C:\Users\jasmi\Desktop\pinnacle\Parser\resume-parser\node_modules\@babel\parser\lib\index.js:6636:16)
      at JSXParserMixin.expect (C:\Users\jasmi\Desktop\pinnacle\Parser\resume-parser\node_modules\@babel\parser\lib\index.js:6916:12)
      at JSXParserMixin.parseParenAndDistinguishExpression (C:\Users\jasmi\Desktop\pinnacle\Parser\resume-parser\node_modules\@babel\parser\lib\index.js:11678:14)
      at JSXParserMixin.parseExprAtom (C:\Users\jasmi\Desktop\pinnacle\Parser\resume-parser\node_modules\@babel\parser\lib\index.js:11348:23)
      at JSXParserMixin.parseExprAtom (C:\Users\jasmi\Desktop\pinnacle\Parser\resume-parser\node_modules\@babel\parser\lib\index.js:4776:20)
      at JSXParserMixin.parseExprSubscripts (C:\Users\jasmi\Desktop\pinnacle\Parser\resume-parser\node_modules\@babel\parser\lib\index.js:11098:23)
      at JSXParserMixin.parseUpdate (C:\Users\jasmi\Desktop\pinnacle\Parser\resume-parser\node_modules\@babel\parser\lib\index.js:11083:21)
      at JSXParserMixin.parseMaybeUnary (C:\Users\jasmi\Desktop\pinnacle\Parser\resume-parser\node_modules\@babel\parser\lib\index.js:11063:23)
      at JSXParserMixin.parseMaybeUnaryOrPrivate (C:\Users\jasmi\Desktop\pinnacle\Parser\resume-parser\node_modules\@babel\parser\lib\index.js:10916:61)
      at JSXParserMixin.parseExprOpBaseRightExpr (C:\Users\jasmi\Desktop\pinnacle\Parser\resume-parser\node_modules\@babel\parser\lib\index.js:11003:34)
      at JSXParserMixin.parseExprOpRightExpr (C:\Users\jasmi\Desktop\pinnacle\Parser\resume-parser\node_modules\@babel\parser\lib\index.js:10998:21)
      at JSXParserMixin.parseExprOp (C:\Users\jasmi\Desktop\pinnacle\Parser\resume-parser\node_modules\@babel\parser\lib\index.js:10964:27)
      at JSXParserMixin.parseExprOps (C:\Users\jasmi\Desktop\pinnacle\Parser\resume-parser\node_modules\@babel\parser\lib\index.js:10925:17)
      at JSXParserMixin.parseMaybeConditional (C:\Users\jasmi\Desktop\pinnacle\Parser\resume-parser\node_modules\@babel\parser\lib\index.js:10898:23)
      at JSXParserMixin.parseMaybeAssign (C:\Users\jasmi\Desktop\pinnacle\Parser\resume-parser\node_modules\@babel\parser\lib\index.js:10848:21)
      at JSXParserMixin.parseExpressionBase (C:\Users\jasmi\Desktop\pinnacle\Parser\resume-parser\node_modules\@babel\parser\lib\index.js:10801:23)
      at C:\Users\jasmi\Desktop\pinnacle\Parser\resume-parser\node_modules\@babel\parser\lib\index.js:10797:39
      at JSXParserMixin.allowInAnd (C:\Users\jasmi\Desktop\pinnacle\Parser\resume-parser\node_modules\@babel\parser\lib\index.js:12443:12)
      at JSXParserMixin.parseExpression (C:\Users\jasmi\Desktop\pinnacle\Parser\resume-parser\node_modules\@babel\parser\lib\index.js:10797:17)
      at JSXParserMixin.jsxParseExpressionContainer (C:\Users\jasmi\Desktop\pinnacle\Parser\resume-parser\node_modules\@babel\parser\lib\index.js:4644:31)
      at JSXParserMixin.jsxParseElementAt (C:\Users\jasmi\Desktop\pinnacle\Parser\resume-parser\node_modules\@babel\parser\lib\index.js:4723:36)
      at JSXParserMixin.jsxParseElementAt (C:\Users\jasmi\Desktop\pinnacle\Parser\resume-parser\node_modules\@babel\parser\lib\index.js:4710:32)
      at JSXParserMixin.jsxParseElement (C:\Users\jasmi\Desktop\pinnacle\Parser\resume-parser\node_modules\@babel\parser\lib\index.js:4761:17)
      at JSXParserMixin.parseExprAtom (C:\Users\jasmi\Desktop\pinnacle\Parser\resume-parser\node_modules\@babel\parser\lib\index.js:4771:19)
      at JSXParserMixin.parseExprSubscripts (C:\Users\jasmi\Desktop\pinnacle\Parser\resume-parser\node_modules\@babel\parser\lib\index.js:11098:23)
      at JSXParserMixin.parseUpdate (C:\Users\jasmi\Desktop\pinnacle\Parser\resume-parser\node_modules\@babel\parser\lib\index.js:11083:21)
      at JSXParserMixin.parseMaybeUnary (C:\Users\jasmi\Desktop\pinnacle\Parser\resume-parser\node_modules\@babel\parser\lib\index.js:11063:23)
      at JSXParserMixin.parseMaybeUnaryOrPrivate (C:\Users\jasmi\Desktop\pinnacle\Parser\resume-parser\node_modules\@babel\parser\lib\index.js:10916:61)
      at JSXParserMixin.parseExprOps (C:\Users\jasmi\Desktop\pinnacle\Parser\resume-parser\node_modules\@babel\parser\lib\index.js:10921:23)
      at JSXParserMixin.parseMaybeConditional (C:\Users\jasmi\Desktop\pinnacle\Parser\resume-parser\node_modules\@babel\parser\lib\index.js:10898:23)
      at JSXParserMixin.parseMaybeAssign (C:\Users\jasmi\Desktop\pinnacle\Parser\resume-parser\node_modules\@babel\parser\lib\index.js:10848:21)
      at C:\Users\jasmi\Desktop\pinnacle\Parser\resume-parser\node_modules\@babel\parser\lib\index.js:10817:39
      at JSXParserMixin.allowInAnd (C:\Users\jasmi\Desktop\pinnacle\Parser\resume-parser\node_modules\@babel\parser\lib\index.js:12443:12)
      at JSXParserMixin.parseMaybeAssignAllowIn (C:\Users\jasmi\Desktop\pinnacle\Parser\resume-parser\node_modules\@babel\parser\lib\index.js:10817:17)
      at JSXParserMixin.parseMaybeAssignAllowInOrVoidPattern (C:\Users\jasmi\Desktop\pinnacle\Parser\resume-parser\node_modules\@babel\parser\lib\index.js:12510:17)
      at JSXParserMixin.parseParenAndDistinguishExpression (C:\Users\jasmi\Desktop\pinnacle\Parser\resume-parser\node_modules\@babel\parser\lib\index.js:11692:28)
      at JSXParserMixin.parseExprAtom (C:\Users\jasmi\Desktop\pinnacle\Parser\resume-parser\node_modules\@babel\parser\lib\index.js:11348:23)
      at JSXParserMixin.parseExprAtom (C:\Users\jasmi\Desktop\pinnacle\Parser\resume-parser\node_modules\@babel\parser\lib\index.js:4776:20)
      at JSXParserMixin.parseExprSubscripts (C:\Users\jasmi\Desktop\pinnacle\Parser\resume-parser\node_modules\@babel\parser\lib\index.js:11098:23)
      at JSXParserMixin.parseUpdate (C:\Users\jasmi\Desktop\pinnacle\Parser\resume-parser\node_modules\@babel\parser\lib\index.js:11083:21)
      at JSXParserMixin.parseMaybeUnary (C:\Users\jasmi\Desktop\pinnacle\Parser\resume-parser\node_modules\@babel\parser\lib\index.js:11063:23)
      at JSXParserMixin.parseMaybeUnaryOrPrivate (C:\Users\jasmi\Desktop\pinnacle\Parser\resume-parser\node_modules\@babel\parser\lib\index.js:10916:61)
      at JSXParserMixin.parseExprOps (C:\Users\jasmi\Desktop\pinnacle\Parser\resume-parser\node_modules\@babel\parser\lib\index.js:10921:23)
      at JSXParserMixin.parseMaybeConditional (C:\Users\jasmi\Desktop\pinnacle\Parser\resume-parser\node_modules\@babel\parser\lib\index.js:10898:23)
      at JSXParserMixin.parseMaybeAssign (C:\Users\jasmi\Desktop\pinnacle\Parser\resume-parser\node_modules\@babel\parser\lib\index.js:10848:21)
      at JSXParserMixin.parseExpressionBase (C:\Users\jasmi\Desktop\pinnacle\Parser\resume-parser\node_modules\@babel\parser\lib\index.js:10801:23)
      at C:\Users\jasmi\Desktop\pinnacle\Parser\resume-parser\node_modules\@babel\parser\lib\index.js:10797:39
      at JSXParserMixin.allowInAnd (C:\Users\jasmi\Desktop\pinnacle\Parser\resume-parser\node_modules\@babel\parser\lib\index.js:12438:16)
[2m6:11:16 pm[22m [31m[1m[vite][22m[39m [31mInternal server error: Failed to resolve import "pdfjs-dist" from "src/pdfReader.js". Does the file exist?[39m
  Plugin: [35mvite:import-analysis[39m
  File: [36mC:/Users/jasmi/Desktop/pinnacle/Parser/resume-parser/src/pdfReader.js[39m:1:28
[33m  1  |  import * as pdfjsLib from 'pdfjs-dist'
     |                             ^
  2  |  import pdfjsWorker from 'pdfjs-dist/build/pdf.worker?url'
  3  |  [39m
      at TransformPluginContext._formatError (file:///C:/Users/jasmi/Desktop/pinnacle/Parser/resume-parser/node_modules/vite/dist/node/chunks/dep-BK3b2jBa.js:49258:41)
      at TransformPluginContext.error (file:///C:/Users/jasmi/Desktop/pinnacle/Parser/resume-parser/node_modules/vite/dist/node/chunks/dep-BK3b2jBa.js:49253:16)
      at normalizeUrl (file:///C:/Users/jasmi/Desktop/pinnacle/Parser/resume-parser/node_modules/vite/dist/node/chunks/dep-BK3b2jBa.js:64307:23)
      at async file:///C:/Users/jasmi/Desktop/pinnacle/Parser/resume-parser/node_modules/vite/dist/node/chunks/dep-BK3b2jBa.js:64439:39
      at async Promise.all (index 0)
      at async TransformPluginContext.transform (file:///C:/Users/jasmi/Desktop/pinnacle/Parser/resume-parser/node_modules/vite/dist/node/chunks/dep-BK3b2jBa.js:64366:7)
      at async PluginContainer.transform (file:///C:/Users/jasmi/Desktop/pinnacle/Parser/resume-parser/node_modules/vite/dist/node/chunks/dep-BK3b2jBa.js:49099:18)
      at async loadAndTransform (file:///C:/Users/jasmi/Desktop/pinnacle/Parser/resume-parser/node_modules/vite/dist/node/chunks/dep-BK3b2jBa.js:51978:27)
      at async viteTransformMiddleware (file:///C:/Users/jasmi/Desktop/pinnacle/Parser/resume-parser/node_modules/vite/dist/node/chunks/dep-BK3b2jBa.js:62106:24)
[2m6:11:16 pm[22m [31m[1m[vite][22m[39m [31mInternal server error: C:\Users\jasmi\Desktop\pinnacle\Parser\resume-parser\src\tabs\EducationTab.jsx: Unexpected token, expected "," (135:12)

[0m [90m 133 |[31m           
 [90m 134 |[31m             href[33m=[31m{link}
[31m[1m>[22m[31m[90m 135 |[31m             target[33m=[31m[32m"_blank"[31m
 [90m     |[31m             [31m[1m^[22m[31m
 [90m 136 |[31m             rel[33m=[31m[32m"noreferrer"[31m
 [90m 137 |[31m             style[33m=[31m{{
 [90m 138 |[31m               fontSize[33m:[31m [35m11[31m[33m,[31m[0m[39m
  Plugin: [35mvite:react-babel[39m
  File: [36mC:/Users/jasmi/Desktop/pinnacle/Parser/resume-parser/src/tabs/EducationTab.jsx[39m:135:12
[33m  138|                fontSize: 11,
  139|                color: '#0d9488',
  140|                textDecoration: 'underline',
     |          ^
  141|                flexShrink: 0,
  142|              }}>[39m
      at constructor (C:\Users\jasmi\Desktop\pinnacle\Parser\resume-parser\node_modules\@babel\parser\lib\index.js:365:19)
      at JSXParserMixin.raise (C:\Users\jasmi\Desktop\pinnacle\Parser\resume-parser\node_modules\@babel\parser\lib\index.js:6616:19)
      at JSXParserMixin.unexpected (C:\Users\jasmi\Desktop\pinnacle\Parser\resume-parser\node_modules\@babel\parser\lib\index.js:6636:16)
      at JSXParserMixin.expect (C:\Users\jasmi\Desktop\pinnacle\Parser\resume-parser\node_modules\@babel\parser\lib\index.js:6916:12)
      at JSXParserMixin.parseParenAndDistinguishExpression (C:\Users\jasmi\Desktop\pinnacle\Parser\resume-parser\node_modules\@babel\parser\lib\index.js:11678:14)
      at JSXParserMixin.parseExprAtom (C:\Users\jasmi\Desktop\pinnacle\Parser\resume-parser\node_modules\@babel\parser\lib\index.js:11348:23)
      at JSXParserMixin.parseExprAtom (C:\Users\jasmi\Desktop\pinnacle\Parser\resume-parser\node_modules\@babel\parser\lib\index.js:4776:20)
      at JSXParserMixin.parseExprSubscripts (C:\Users\jasmi\Desktop\pinnacle\Parser\resume-parser\node_modules\@babel\parser\lib\index.js:11098:23)
      at JSXParserMixin.parseUpdate (C:\Users\jasmi\Desktop\pinnacle\Parser\resume-parser\node_modules\@babel\parser\lib\index.js:11083:21)
      at JSXParserMixin.parseMaybeUnary (C:\Users\jasmi\Desktop\pinnacle\Parser\resume-parser\node_modules\@babel\parser\lib\index.js:11063:23)
      at JSXParserMixin.parseMaybeUnaryOrPrivate (C:\Users\jasmi\Desktop\pinnacle\Parser\resume-parser\node_modules\@babel\parser\lib\index.js:10916:61)
      at JSXParserMixin.parseExprOpBaseRightExpr (C:\Users\jasmi\Desktop\pinnacle\Parser\resume-parser\node_modules\@babel\parser\lib\index.js:11003:34)
      at JSXParserMixin.parseExprOpRightExpr (C:\Users\jasmi\Desktop\pinnacle\Parser\resume-parser\node_modules\@babel\parser\lib\index.js:10998:21)
      at JSXParserMixin.parseExprOp (C:\Users\jasmi\Desktop\pinnacle\Parser\resume-parser\node_modules\@babel\parser\lib\index.js:10964:27)
      at JSXParserMixin.parseExprOps (C:\Users\jasmi\Desktop\pinnacle\Parser\resume-parser\node_modules\@babel\parser\lib\index.js:10925:17)
      at JSXParserMixin.parseMaybeConditional (C:\Users\jasmi\Desktop\pinnacle\Parser\resume-parser\node_modules\@babel\parser\lib\index.js:10898:23)
      at JSXParserMixin.parseMaybeAssign (C:\Users\jasmi\Desktop\pinnacle\Parser\resume-parser\node_modules\@babel\parser\lib\index.js:10848:21)
      at JSXParserMixin.parseExpressionBase (C:\Users\jasmi\Desktop\pinnacle\Parser\resume-parser\node_modules\@babel\parser\lib\index.js:10801:23)
      at C:\Users\jasmi\Desktop\pinnacle\Parser\resume-parser\node_modules\@babel\parser\lib\index.js:10797:39
      at JSXParserMixin.allowInAnd (C:\Users\jasmi\Desktop\pinnacle\Parser\resume-parser\node_modules\@babel\parser\lib\index.js:12443:12)
      at JSXParserMixin.parseExpression (C:\Users\jasmi\Desktop\pinnacle\Parser\resume-parser\node_modules\@babel\parser\lib\index.js:10797:17)
      at JSXParserMixin.jsxParseExpressionContainer (C:\Users\jasmi\Desktop\pinnacle\Parser\resume-parser\node_modules\@babel\parser\lib\index.js:4644:31)
      at JSXParserMixin.jsxParseElementAt (C:\Users\jasmi\Desktop\pinnacle\Parser\resume-parser\node_modules\@babel\parser\lib\index.js:4723:36)
      at JSXParserMixin.jsxParseElementAt (C:\Users\jasmi\Desktop\pinnacle\Parser\resume-parser\node_modules\@babel\parser\lib\index.js:4710:32)
      at JSXParserMixin.jsxParseElement (C:\Users\jasmi\Desktop\pinnacle\Parser\resume-parser\node_modules\@babel\parser\lib\index.js:4761:17)
      at JSXParserMixin.parseExprAtom (C:\Users\jasmi\Desktop\pinnacle\Parser\resume-parser\node_modules\@babel\parser\lib\index.js:4771:19)
      at JSXParserMixin.parseExprSubscripts (C:\Users\jasmi\Desktop\pinnacle\Parser\resume-parser\node_modules\@babel\parser\lib\index.js:11098:23)
      at JSXParserMixin.parseUpdate (C:\Users\jasmi\Desktop\pinnacle\Parser\resume-parser\node_modules\@babel\parser\lib\index.js:11083:21)
      at JSXParserMixin.parseMaybeUnary (C:\Users\jasmi\Desktop\pinnacle\Parser\resume-parser\node_modules\@babel\parser\lib\index.js:11063:23)
      at JSXParserMixin.parseMaybeUnaryOrPrivate (C:\Users\jasmi\Desktop\pinnacle\Parser\resume-parser\node_modules\@babel\parser\lib\index.js:10916:61)
      at JSXParserMixin.parseExprOps (C:\Users\jasmi\Desktop\pinnacle\Parser\resume-parser\node_modules\@babel\parser\lib\index.js:10921:23)
      at JSXParserMixin.parseMaybeConditional (C:\Users\jasmi\Desktop\pinnacle\Parser\resume-parser\node_modules\@babel\parser\lib\index.js:10898:23)
      at JSXParserMixin.parseMaybeAssign (C:\Users\jasmi\Desktop\pinnacle\Parser\resume-parser\node_modules\@babel\parser\lib\index.js:10848:21)
      at C:\Users\jasmi\Desktop\pinnacle\Parser\resume-parser\node_modules\@babel\parser\lib\index.js:10817:39
      at JSXParserMixin.allowInAnd (C:\Users\jasmi\Desktop\pinnacle\Parser\resume-parser\node_modules\@babel\parser\lib\index.js:12443:12)
      at JSXParserMixin.parseMaybeAssignAllowIn (C:\Users\jasmi\Desktop\pinnacle\Parser\resume-parser\node_modules\@babel\parser\lib\index.js:10817:17)
      at JSXParserMixin.parseMaybeAssignAllowInOrVoidPattern (C:\Users\jasmi\Desktop\pinnacle\Parser\resume-parser\node_modules\@babel\parser\lib\index.js:12510:17)
      at JSXParserMixin.parseParenAndDistinguishExpression (C:\Users\jasmi\Desktop\pinnacle\Parser\resume-parser\node_modules\@babel\parser\lib\index.js:11692:28)
      at JSXParserMixin.parseExprAtom (C:\Users\jasmi\Desktop\pinnacle\Parser\resume-parser\node_modules\@babel\parser\lib\index.js:11348:23)
      at JSXParserMixin.parseExprAtom (C:\Users\jasmi\Desktop\pinnacle\Parser\resume-parser\node_modules\@babel\parser\lib\index.js:4776:20)
      at JSXParserMixin.parseExprSubscripts (C:\Users\jasmi\Desktop\pinnacle\Parser\resume-parser\node_modules\@babel\parser\lib\index.js:11098:23)
      at JSXParserMixin.parseUpdate (C:\Users\jasmi\Desktop\pinnacle\Parser\resume-parser\node_modules\@babel\parser\lib\index.js:11083:21)
      at JSXParserMixin.parseMaybeUnary (C:\Users\jasmi\Desktop\pinnacle\Parser\resume-parser\node_modules\@babel\parser\lib\index.js:11063:23)
      at JSXParserMixin.parseMaybeUnaryOrPrivate (C:\Users\jasmi\Desktop\pinnacle\Parser\resume-parser\node_modules\@babel\parser\lib\index.js:10916:61)
      at JSXParserMixin.parseExprOps (C:\Users\jasmi\Desktop\pinnacle\Parser\resume-parser\node_modules\@babel\parser\lib\index.js:10921:23)
      at JSXParserMixin.parseMaybeConditional (C:\Users\jasmi\Desktop\pinnacle\Parser\resume-parser\node_modules\@babel\parser\lib\index.js:10898:23)
      at JSXParserMixin.parseMaybeAssign (C:\Users\jasmi\Desktop\pinnacle\Parser\resume-parser\node_modules\@babel\parser\lib\index.js:10848:21)
      at JSXParserMixin.parseExpressionBase (C:\Users\jasmi\Desktop\pinnacle\Parser\resume-parser\node_modules\@babel\parser\lib\index.js:10801:23)
      at C:\Users\jasmi\Desktop\pinnacle\Parser\resume-parser\node_modules\@babel\parser\lib\index.js:10797:39
      at JSXParserMixin.allowInAnd (C:\Users\jasmi\Desktop\pinnacle\Parser\resume-parser\node_modules\@babel\parser\lib\index.js:12438:16)
[2m6:11:20 pm[22m [36m[1m[vite][22m[39m [32mhmr update [39m[2m/src/App.jsx[22m
[2m6:11:21 pm[22m [31m[1m[vite][22m[39m Pre-transform error: Failed to resolve import "pdfjs-dist" from "src/pdfReader.js". Does the file exist?
[2m6:11:21 pm[22m [31m[1m[vite][22m[39m Pre-transform error: C:\Users\jasmi\Desktop\pinnacle\Parser\resume-parser\src\tabs\EducationTab.jsx: Unexpected token, expected "," (135:12)

[0m [90m 133 |[39m           
 [90m 134 |[39m             href[33m=[39m{link}
[31m[1m>[22m[39m[90m 135 |[39m             target[33m=[39m[32m"_blank"[39m
 [90m     |[39m             [31m[1m^[22m[39m
 [90m 136 |[39m             rel[33m=[39m[32m"noreferrer"[39m
 [90m 137 |[39m             style[33m=[39m{{
 [90m 138 |[39m               fontSize[33m:[39m [35m11[39m[33m,[39m[0m
[2m6:11:21 pm[22m [31m[1m[vite][22m[39m [31mInternal server error: Failed to resolve import "pdfjs-dist" from "src/pdfReader.js". Does the file exist?[39m
  Plugin: [35mvite:import-analysis[39m
  File: [36mC:/Users/jasmi/Desktop/pinnacle/Parser/resume-parser/src/pdfReader.js[39m:1:28
[33m  1  |  import * as pdfjsLib from 'pdfjs-dist'
     |                             ^
  2  |  import pdfjsWorker from 'pdfjs-dist/build/pdf.worker?url'
  3  |  [39m
      at TransformPluginContext._formatError (file:///C:/Users/jasmi/Desktop/pinnacle/Parser/resume-parser/node_modules/vite/dist/node/chunks/dep-BK3b2jBa.js:49258:41)
      at TransformPluginContext.error (file:///C:/Users/jasmi/Desktop/pinnacle/Parser/resume-parser/node_modules/vite/dist/node/chunks/dep-BK3b2jBa.js:49253:16)
      at normalizeUrl (file:///C:/Users/jasmi/Desktop/pinnacle/Parser/resume-parser/node_modules/vite/dist/node/chunks/dep-BK3b2jBa.js:64307:23)
      at async file:///C:/Users/jasmi/Desktop/pinnacle/Parser/resume-parser/node_modules/vite/dist/node/chunks/dep-BK3b2jBa.js:64439:39
      at async Promise.all (index 0)
      at async TransformPluginContext.transform (file:///C:/Users/jasmi/Desktop/pinnacle/Parser/resume-parser/node_modules/vite/dist/node/chunks/dep-BK3b2jBa.js:64366:7)
      at async PluginContainer.transform (file:///C:/Users/jasmi/Desktop/pinnacle/Parser/resume-parser/node_modules/vite/dist/node/chunks/dep-BK3b2jBa.js:49099:18)
      at async loadAndTransform (file:///C:/Users/jasmi/Desktop/pinnacle/Parser/resume-parser/node_modules/vite/dist/node/chunks/dep-BK3b2jBa.js:51978:27)
      at async viteTransformMiddleware (file:///C:/Users/jasmi/Desktop/pinnacle/Parser/resume-parser/node_modules/vite/dist/node/chunks/dep-BK3b2jBa.js:62106:24)
[2m6:11:21 pm[22m [31m[1m[vite][22m[39m [31mInternal server error: C:\Users\jasmi\Desktop\pinnacle\Parser\resume-parser\src\tabs\EducationTab.jsx: Unexpected token, expected "," (135:12)

[0m [90m 133 |[31m           
 [90m 134 |[31m             href[33m=[31m{link}
[31m[1m>[22m[31m[90m 135 |[31m             target[33m=[31m[32m"_blank"[31m
 [90m     |[31m             [31m[1m^[22m[31m
 [90m 136 |[31m             rel[33m=[31m[32m"noreferrer"[31m
 [90m 137 |[31m             style[33m=[31m{{
 [90m 138 |[31m               fontSize[33m:[31m [35m11[31m[33m,[31m[0m[39m
  Plugin: [35mvite:react-babel[39m
  File: [36mC:/Users/jasmi/Desktop/pinnacle/Parser/resume-parser/src/tabs/EducationTab.jsx[39m:135:12
[33m  138|                fontSize: 11,
  139|                color: '#0d9488',
  140|                textDecoration: 'underline',
     |          ^
  141|                flexShrink: 0,
  142|              }}>[39m
      at constructor (C:\Users\jasmi\Desktop\pinnacle\Parser\resume-parser\node_modules\@babel\parser\lib\index.js:365:19)
      at JSXParserMixin.raise (C:\Users\jasmi\Desktop\pinnacle\Parser\resume-parser\node_modules\@babel\parser\lib\index.js:6616:19)
      at JSXParserMixin.unexpected (C:\Users\jasmi\Desktop\pinnacle\Parser\resume-parser\node_modules\@babel\parser\lib\index.js:6636:16)
      at JSXParserMixin.expect (C:\Users\jasmi\Desktop\pinnacle\Parser\resume-parser\node_modules\@babel\parser\lib\index.js:6916:12)
      at JSXParserMixin.parseParenAndDistinguishExpression (C:\Users\jasmi\Desktop\pinnacle\Parser\resume-parser\node_modules\@babel\parser\lib\index.js:11678:14)
      at JSXParserMixin.parseExprAtom (C:\Users\jasmi\Desktop\pinnacle\Parser\resume-parser\node_modules\@babel\parser\lib\index.js:11348:23)
      at JSXParserMixin.parseExprAtom (C:\Users\jasmi\Desktop\pinnacle\Parser\resume-parser\node_modules\@babel\parser\lib\index.js:4776:20)
      at JSXParserMixin.parseExprSubscripts (C:\Users\jasmi\Desktop\pinnacle\Parser\resume-parser\node_modules\@babel\parser\lib\index.js:11098:23)
      at JSXParserMixin.parseUpdate (C:\Users\jasmi\Desktop\pinnacle\Parser\resume-parser\node_modules\@babel\parser\lib\index.js:11083:21)
      at JSXParserMixin.parseMaybeUnary (C:\Users\jasmi\Desktop\pinnacle\Parser\resume-parser\node_modules\@babel\parser\lib\index.js:11063:23)
      at JSXParserMixin.parseMaybeUnaryOrPrivate (C:\Users\jasmi\Desktop\pinnacle\Parser\resume-parser\node_modules\@babel\parser\lib\index.js:10916:61)
      at JSXParserMixin.parseExprOpBaseRightExpr (C:\Users\jasmi\Desktop\pinnacle\Parser\resume-parser\node_modules\@babel\parser\lib\index.js:11003:34)
      at JSXParserMixin.parseExprOpRightExpr (C:\Users\jasmi\Desktop\pinnacle\Parser\resume-parser\node_modules\@babel\parser\lib\index.js:10998:21)
      at JSXParserMixin.parseExprOp (C:\Users\jasmi\Desktop\pinnacle\Parser\resume-parser\node_modules\@babel\parser\lib\index.js:10964:27)
      at JSXParserMixin.parseExprOps (C:\Users\jasmi\Desktop\pinnacle\Parser\resume-parser\node_modules\@babel\parser\lib\index.js:10925:17)
      at JSXParserMixin.parseMaybeConditional (C:\Users\jasmi\Desktop\pinnacle\Parser\resume-parser\node_modules\@babel\parser\lib\index.js:10898:23)
      at JSXParserMixin.parseMaybeAssign (C:\Users\jasmi\Desktop\pinnacle\Parser\resume-parser\node_modules\@babel\parser\lib\index.js:10848:21)
      at JSXParserMixin.parseExpressionBase (C:\Users\jasmi\Desktop\pinnacle\Parser\resume-parser\node_modules\@babel\parser\lib\index.js:10801:23)
      at C:\Users\jasmi\Desktop\pinnacle\Parser\resume-parser\node_modules\@babel\parser\lib\index.js:10797:39
      at JSXParserMixin.allowInAnd (C:\Users\jasmi\Desktop\pinnacle\Parser\resume-parser\node_modules\@babel\parser\lib\index.js:12443:12)
      at JSXParserMixin.parseExpression (C:\Users\jasmi\Desktop\pinnacle\Parser\resume-parser\node_modules\@babel\parser\lib\index.js:10797:17)
      at JSXParserMixin.jsxParseExpressionContainer (C:\Users\jasmi\Desktop\pinnacle\Parser\resume-parser\node_modules\@babel\parser\lib\index.js:4644:31)
      at JSXParserMixin.jsxParseElementAt (C:\Users\jasmi\Desktop\pinnacle\Parser\resume-parser\node_modules\@babel\parser\lib\index.js:4723:36)
      at JSXParserMixin.jsxParseElementAt (C:\Users\jasmi\Desktop\pinnacle\Parser\resume-parser\node_modules\@babel\parser\lib\index.js:4710:32)
      at JSXParserMixin.jsxParseElement (C:\Users\jasmi\Desktop\pinnacle\Parser\resume-parser\node_modules\@babel\parser\lib\index.js:4761:17)
      at JSXParserMixin.parseExprAtom (C:\Users\jasmi\Desktop\pinnacle\Parser\resume-parser\node_modules\@babel\parser\lib\index.js:4771:19)
      at JSXParserMixin.parseExprSubscripts (C:\Users\jasmi\Desktop\pinnacle\Parser\resume-parser\node_modules\@babel\parser\lib\index.js:11098:23)
      at JSXParserMixin.parseUpdate (C:\Users\jasmi\Desktop\pinnacle\Parser\resume-parser\node_modules\@babel\parser\lib\index.js:11083:21)
      at JSXParserMixin.parseMaybeUnary (C:\Users\jasmi\Desktop\pinnacle\Parser\resume-parser\node_modules\@babel\parser\lib\index.js:11063:23)
      at JSXParserMixin.parseMaybeUnaryOrPrivate (C:\Users\jasmi\Desktop\pinnacle\Parser\resume-parser\node_modules\@babel\parser\lib\index.js:10916:61)
      at JSXParserMixin.parseExprOps (C:\Users\jasmi\Desktop\pinnacle\Parser\resume-parser\node_modules\@babel\parser\lib\index.js:10921:23)
      at JSXParserMixin.parseMaybeConditional (C:\Users\jasmi\Desktop\pinnacle\Parser\resume-parser\node_modules\@babel\parser\lib\index.js:10898:23)
      at JSXParserMixin.parseMaybeAssign (C:\Users\jasmi\Desktop\pinnacle\Parser\resume-parser\node_modules\@babel\parser\lib\index.js:10848:21)
      at C:\Users\jasmi\Desktop\pinnacle\Parser\resume-parser\node_modules\@babel\parser\lib\index.js:10817:39
      at JSXParserMixin.allowInAnd (C:\Users\jasmi\Desktop\pinnacle\Parser\resume-parser\node_modules\@babel\parser\lib\index.js:12443:12)
      at JSXParserMixin.parseMaybeAssignAllowIn (C:\Users\jasmi\Desktop\pinnacle\Parser\resume-parser\node_modules\@babel\parser\lib\index.js:10817:17)
      at JSXParserMixin.parseMaybeAssignAllowInOrVoidPattern (C:\Users\jasmi\Desktop\pinnacle\Parser\resume-parser\node_modules\@babel\parser\lib\index.js:12510:17)
      at JSXParserMixin.parseParenAndDistinguishExpression (C:\Users\jasmi\Desktop\pinnacle\Parser\resume-parser\node_modules\@babel\parser\lib\index.js:11692:28)
      at JSXParserMixin.parseExprAtom (C:\Users\jasmi\Desktop\pinnacle\Parser\resume-parser\node_modules\@babel\parser\lib\index.js:11348:23)
      at JSXParserMixin.parseExprAtom (C:\Users\jasmi\Desktop\pinnacle\Parser\resume-parser\node_modules\@babel\parser\lib\index.js:4776:20)
      at JSXParserMixin.parseExprSubscripts (C:\Users\jasmi\Desktop\pinnacle\Parser\resume-parser\node_modules\@babel\parser\lib\index.js:11098:23)
      at JSXParserMixin.parseUpdate (C:\Users\jasmi\Desktop\pinnacle\Parser\resume-parser\node_modules\@babel\parser\lib\index.js:11083:21)
      at JSXParserMixin.parseMaybeUnary (C:\Users\jasmi\Desktop\pinnacle\Parser\resume-parser\node_modules\@babel\parser\lib\index.js:11063:23)
      at JSXParserMixin.parseMaybeUnaryOrPrivate (C:\Users\jasmi\Desktop\pinnacle\Parser\resume-parser\node_modules\@babel\parser\lib\index.js:10916:61)
      at JSXParserMixin.parseExprOps (C:\Users\jasmi\Desktop\pinnacle\Parser\resume-parser\node_modules\@babel\parser\lib\index.js:10921:23)
      at JSXParserMixin.parseMaybeConditional (C:\Users\jasmi\Desktop\pinnacle\Parser\resume-parser\node_modules\@babel\parser\lib\index.js:10898:23)
      at JSXParserMixin.parseMaybeAssign (C:\Users\jasmi\Desktop\pinnacle\Parser\resume-parser\node_modules\@babel\parser\lib\index.js:10848:21)
      at JSXParserMixin.parseExpressionBase (C:\Users\jasmi\Desktop\pinnacle\Parser\resume-parser\node_modules\@babel\parser\lib\index.js:10801:23)
      at C:\Users\jasmi\Desktop\pinnacle\Parser\resume-parser\node_modules\@babel\parser\lib\index.js:10797:39
      at JSXParserMixin.allowInAnd (C:\Users\jasmi\Desktop\pinnacle\Parser\resume-parser\node_modules\@babel\parser\lib\index.js:12438:16)
[2m6:11:21 pm[22m [31m[1m[vite][22m[39m [31mInternal server error: Failed to resolve import "pdfjs-dist" from "src/pdfReader.js". Does the file exist?[39m
  Plugin: [35mvite:import-analysis[39m
  File: [36mC:/Users/jasmi/Desktop/pinnacle/Parser/resume-parser/src/pdfReader.js[39m:1:28
[33m  1  |  import * as pdfjsLib from 'pdfjs-dist'
     |                             ^
  2  |  import pdfjsWorker from 'pdfjs-dist/build/pdf.worker?url'
  3  |  [39m
      at TransformPluginContext._formatError (file:///C:/Users/jasmi/Desktop/pinnacle/Parser/resume-parser/node_modules/vite/dist/node/chunks/dep-BK3b2jBa.js:49258:41)
      at TransformPluginContext.error (file:///C:/Users/jasmi/Desktop/pinnacle/Parser/resume-parser/node_modules/vite/dist/node/chunks/dep-BK3b2jBa.js:49253:16)
      at normalizeUrl (file:///C:/Users/jasmi/Desktop/pinnacle/Parser/resume-parser/node_modules/vite/dist/node/chunks/dep-BK3b2jBa.js:64307:23)
      at async file:///C:/Users/jasmi/Desktop/pinnacle/Parser/resume-parser/node_modules/vite/dist/node/chunks/dep-BK3b2jBa.js:64439:39
      at async Promise.all (index 0)
      at async TransformPluginContext.transform (file:///C:/Users/jasmi/Desktop/pinnacle/Parser/resume-parser/node_modules/vite/dist/node/chunks/dep-BK3b2jBa.js:64366:7)
      at async PluginContainer.transform (file:///C:/Users/jasmi/Desktop/pinnacle/Parser/resume-parser/node_modules/vite/dist/node/chunks/dep-BK3b2jBa.js:49099:18)
      at async loadAndTransform (file:///C:/Users/jasmi/Desktop/pinnacle/Parser/resume-parser/node_modules/vite/dist/node/chunks/dep-BK3b2jBa.js:51978:27)
      at async viteTransformMiddleware (file:///C:/Users/jasmi/Desktop/pinnacle/Parser/resume-parser/node_modules/vite/dist/node/chunks/dep-BK3b2jBa.js:62106:24)
[2m6:11:21 pm[22m [31m[1m[vite][22m[39m [31mInternal server error: C:\Users\jasmi\Desktop\pinnacle\Parser\resume-parser\src\tabs\EducationTab.jsx: Unexpected token, expected "," (135:12)

[0m [90m 133 |[31m           
 [90m 134 |[31m             href[33m=[31m{link}
[31m[1m>[22m[31m[90m 135 |[31m             target[33m=[31m[32m"_blank"[31m
 [90m     |[31m             [31m[1m^[22m[31m
 [90m 136 |[31m             rel[33m=[31m[32m"noreferrer"[31m
 [90m 137 |[31m             style[33m=[31m{{
 [90m 138 |[31m               fontSize[33m:[31m [35m11[31m[33m,[31m[0m[39m
  Plugin: [35mvite:react-babel[39m
  File: [36mC:/Users/jasmi/Desktop/pinnacle/Parser/resume-parser/src/tabs/EducationTab.jsx[39m:135:12
[33m  138|                fontSize: 11,
  139|                color: '#0d9488',
  140|                textDecoration: 'underline',
     |          ^
  141|                flexShrink: 0,
  142|              }}>[39m
      at constructor (C:\Users\jasmi\Desktop\pinnacle\Parser\resume-parser\node_modules\@babel\parser\lib\index.js:365:19)
      at JSXParserMixin.raise (C:\Users\jasmi\Desktop\pinnacle\Parser\resume-parser\node_modules\@babel\parser\lib\index.js:6616:19)
      at JSXParserMixin.unexpected (C:\Users\jasmi\Desktop\pinnacle\Parser\resume-parser\node_modules\@babel\parser\lib\index.js:6636:16)
      at JSXParserMixin.expect (C:\Users\jasmi\Desktop\pinnacle\Parser\resume-parser\node_modules\@babel\parser\lib\index.js:6916:12)
      at JSXParserMixin.parseParenAndDistinguishExpression (C:\Users\jasmi\Desktop\pinnacle\Parser\resume-parser\node_modules\@babel\parser\lib\index.js:11678:14)
      at JSXParserMixin.parseExprAtom (C:\Users\jasmi\Desktop\pinnacle\Parser\resume-parser\node_modules\@babel\parser\lib\index.js:11348:23)
      at JSXParserMixin.parseExprAtom (C:\Users\jasmi\Desktop\pinnacle\Parser\resume-parser\node_modules\@babel\parser\lib\index.js:4776:20)
      at JSXParserMixin.parseExprSubscripts (C:\Users\jasmi\Desktop\pinnacle\Parser\resume-parser\node_modules\@babel\parser\lib\index.js:11098:23)
      at JSXParserMixin.parseUpdate (C:\Users\jasmi\Desktop\pinnacle\Parser\resume-parser\node_modules\@babel\parser\lib\index.js:11083:21)
      at JSXParserMixin.parseMaybeUnary (C:\Users\jasmi\Desktop\pinnacle\Parser\resume-parser\node_modules\@babel\parser\lib\index.js:11063:23)
      at JSXParserMixin.parseMaybeUnaryOrPrivate (C:\Users\jasmi\Desktop\pinnacle\Parser\resume-parser\node_modules\@babel\parser\lib\index.js:10916:61)
      at JSXParserMixin.parseExprOpBaseRightExpr (C:\Users\jasmi\Desktop\pinnacle\Parser\resume-parser\node_modules\@babel\parser\lib\index.js:11003:34)
      at JSXParserMixin.parseExprOpRightExpr (C:\Users\jasmi\Desktop\pinnacle\Parser\resume-parser\node_modules\@babel\parser\lib\index.js:10998:21)
      at JSXParserMixin.parseExprOp (C:\Users\jasmi\Desktop\pinnacle\Parser\resume-parser\node_modules\@babel\parser\lib\index.js:10964:27)
      at JSXParserMixin.parseExprOps (C:\Users\jasmi\Desktop\pinnacle\Parser\resume-parser\node_modules\@babel\parser\lib\index.js:10925:17)
      at JSXParserMixin.parseMaybeConditional (C:\Users\jasmi\Desktop\pinnacle\Parser\resume-parser\node_modules\@babel\parser\lib\index.js:10898:23)
      at JSXParserMixin.parseMaybeAssign (C:\Users\jasmi\Desktop\pinnacle\Parser\resume-parser\node_modules\@babel\parser\lib\index.js:10848:21)
      at JSXParserMixin.parseExpressionBase (C:\Users\jasmi\Desktop\pinnacle\Parser\resume-parser\node_modules\@babel\parser\lib\index.js:10801:23)
      at C:\Users\jasmi\Desktop\pinnacle\Parser\resume-parser\node_modules\@babel\parser\lib\index.js:10797:39
      at JSXParserMixin.allowInAnd (C:\Users\jasmi\Desktop\pinnacle\Parser\resume-parser\node_modules\@babel\parser\lib\index.js:12443:12)
      at JSXParserMixin.parseExpression (C:\Users\jasmi\Desktop\pinnacle\Parser\resume-parser\node_modules\@babel\parser\lib\index.js:10797:17)
      at JSXParserMixin.jsxParseExpressionContainer (C:\Users\jasmi\Desktop\pinnacle\Parser\resume-parser\node_modules\@babel\parser\lib\index.js:4644:31)
      at JSXParserMixin.jsxParseElementAt (C:\Users\jasmi\Desktop\pinnacle\Parser\resume-parser\node_modules\@babel\parser\lib\index.js:4723:36)
      at JSXParserMixin.jsxParseElementAt (C:\Users\jasmi\Desktop\pinnacle\Parser\resume-parser\node_modules\@babel\parser\lib\index.js:4710:32)
      at JSXParserMixin.jsxParseElement (C:\Users\jasmi\Desktop\pinnacle\Parser\resume-parser\node_modules\@babel\parser\lib\index.js:4761:17)
      at JSXParserMixin.parseExprAtom (C:\Users\jasmi\Desktop\pinnacle\Parser\resume-parser\node_modules\@babel\parser\lib\index.js:4771:19)
      at JSXParserMixin.parseExprSubscripts (C:\Users\jasmi\Desktop\pinnacle\Parser\resume-parser\node_modules\@babel\parser\lib\index.js:11098:23)
      at JSXParserMixin.parseUpdate (C:\Users\jasmi\Desktop\pinnacle\Parser\resume-parser\node_modules\@babel\parser\lib\index.js:11083:21)
      at JSXParserMixin.parseMaybeUnary (C:\Users\jasmi\Desktop\pinnacle\Parser\resume-parser\node_modules\@babel\parser\lib\index.js:11063:23)
      at JSXParserMixin.parseMaybeUnaryOrPrivate (C:\Users\jasmi\Desktop\pinnacle\Parser\resume-parser\node_modules\@babel\parser\lib\index.js:10916:61)
      at JSXParserMixin.parseExprOps (C:\Users\jasmi\Desktop\pinnacle\Parser\resume-parser\node_modules\@babel\parser\lib\index.js:10921:23)
      at JSXParserMixin.parseMaybeConditional (C:\Users\jasmi\Desktop\pinnacle\Parser\resume-parser\node_modules\@babel\parser\lib\index.js:10898:23)
      at JSXParserMixin.parseMaybeAssign (C:\Users\jasmi\Desktop\pinnacle\Parser\resume-parser\node_modules\@babel\parser\lib\index.js:10848:21)
      at C:\Users\jasmi\Desktop\pinnacle\Parser\resume-parser\node_modules\@babel\parser\lib\index.js:10817:39
      at JSXParserMixin.allowInAnd (C:\Users\jasmi\Desktop\pinnacle\Parser\resume-parser\node_modules\@babel\parser\lib\index.js:12443:12)
      at JSXParserMixin.parseMaybeAssignAllowIn (C:\Users\jasmi\Desktop\pinnacle\Parser\resume-parser\node_modules\@babel\parser\lib\index.js:10817:17)
      at JSXParserMixin.parseMaybeAssignAllowInOrVoidPattern (C:\Users\jasmi\Desktop\pinnacle\Parser\resume-parser\node_modules\@babel\parser\lib\index.js:12510:17)
      at JSXParserMixin.parseParenAndDistinguishExpression (C:\Users\jasmi\Desktop\pinnacle\Parser\resume-parser\node_modules\@babel\parser\lib\index.js:11692:28)
      at JSXParserMixin.parseExprAtom (C:\Users\jasmi\Desktop\pinnacle\Parser\resume-parser\node_modules\@babel\parser\lib\index.js:11348:23)
      at JSXParserMixin.parseExprAtom (C:\Users\jasmi\Desktop\pinnacle\Parser\resume-parser\node_modules\@babel\parser\lib\index.js:4776:20)
      at JSXParserMixin.parseExprSubscripts (C:\Users\jasmi\Desktop\pinnacle\Parser\resume-parser\node_modules\@babel\parser\lib\index.js:11098:23)
      at JSXParserMixin.parseUpdate (C:\Users\jasmi\Desktop\pinnacle\Parser\resume-parser\node_modules\@babel\parser\lib\index.js:11083:21)
      at JSXParserMixin.parseMaybeUnary (C:\Users\jasmi\Desktop\pinnacle\Parser\resume-parser\node_modules\@babel\parser\lib\index.js:11063:23)
      at JSXParserMixin.parseMaybeUnaryOrPrivate (C:\Users\jasmi\Desktop\pinnacle\Parser\resume-parser\node_modules\@babel\parser\lib\index.js:10916:61)
      at JSXParserMixin.parseExprOps (C:\Users\jasmi\Desktop\pinnacle\Parser\resume-parser\node_modules\@babel\parser\lib\index.js:10921:23)
      at JSXParserMixin.parseMaybeConditional (C:\Users\jasmi\Desktop\pinnacle\Parser\resume-parser\node_modules\@babel\parser\lib\index.js:10898:23)
      at JSXParserMixin.parseMaybeAssign (C:\Users\jasmi\Desktop\pinnacle\Parser\resume-parser\node_modules\@babel\parser\lib\index.js:10848:21)
      at JSXParserMixin.parseExpressionBase (C:\Users\jasmi\Desktop\pinnacle\Parser\resume-parser\node_modules\@babel\parser\lib\index.js:10801:23)
      at C:\Users\jasmi\Desktop\pinnacle\Parser\resume-parser\node_modules\@babel\parser\lib\index.js:10797:39
      at JSXParserMixin.allowInAnd (C:\Users\jasmi\Desktop\pinnacle\Parser\resume-parser\node_modules\@babel\parser\lib\index.js:12438:16)
[2m6:12:39 pm[22m [31m[1m[vite][22m[39m Pre-transform error: Failed to resolve import "pdfjs-dist" from "src/pdfReader.js". Does the file exist?
[2m6:12:56 pm[22m [31m[1m[vite][22m[39m [31mInternal server error: Failed to resolve import "pdfjs-dist" from "src/pdfReader.js". Does the file exist?[39m
  Plugin: [35mvite:import-analysis[39m
  File: [36mC:/Users/jasmi/Desktop/pinnacle/Parser/resume-parser/src/pdfReader.js[39m:1:28
[33m  1  |  import * as pdfjsLib from 'pdfjs-dist'
     |                             ^
  2  |  import pdfjsWorker from 'pdfjs-dist/build/pdf.worker?url'
  3  |  [39m
      at TransformPluginContext._formatError (file:///C:/Users/jasmi/Desktop/pinnacle/Parser/resume-parser/node_modules/vite/dist/node/chunks/dep-BK3b2jBa.js:49258:41)
      at TransformPluginContext.error (file:///C:/Users/jasmi/Desktop/pinnacle/Parser/resume-parser/node_modules/vite/dist/node/chunks/dep-BK3b2jBa.js:49253:16)
      at normalizeUrl (file:///C:/Users/jasmi/Desktop/pinnacle/Parser/resume-parser/node_modules/vite/dist/node/chunks/dep-BK3b2jBa.js:64307:23)
      at async file:///C:/Users/jasmi/Desktop/pinnacle/Parser/resume-parser/node_modules/vite/dist/node/chunks/dep-BK3b2jBa.js:64439:39
      at async Promise.all (index 0)
      at async TransformPluginContext.transform (file:///C:/Users/jasmi/Desktop/pinnacle/Parser/resume-parser/node_modules/vite/dist/node/chunks/dep-BK3b2jBa.js:64366:7)
      at async PluginContainer.transform (file:///C:/Users/jasmi/Desktop/pinnacle/Parser/resume-parser/node_modules/vite/dist/node/chunks/dep-BK3b2jBa.js:49099:18)
      at async loadAndTransform (file:///C:/Users/jasmi/Desktop/pinnacle/Parser/resume-parser/node_modules/vite/dist/node/chunks/dep-BK3b2jBa.js:51978:27)
      at async viteTransformMiddleware (file:///C:/Users/jasmi/Desktop/pinnacle/Parser/resume-parser/node_modules/vite/dist/node/chunks/dep-BK3b2jBa.js:62106:24)
[2m6:13:39 pm[22m [31m[1m[vite][22m[39m [31mInternal server error: Failed to resolve import "pdfjs-dist" from "src/pdfReader.js". Does the file exist?[39m
  Plugin: [35mvite:import-analysis[39m
  File: [36mC:/Users/jasmi/Desktop/pinnacle/Parser/resume-parser/src/pdfReader.js[39m:1:28
[33m  1  |  import * as pdfjsLib from 'pdfjs-dist'
     |                             ^
  2  |  import pdfjsWorker from 'pdfjs-dist/build/pdf.worker?url'
  3  |  [39m
      at TransformPluginContext._formatError (file:///C:/Users/jasmi/Desktop/pinnacle/Parser/resume-parser/node_modules/vite/dist/node/chunks/dep-BK3b2jBa.js:49258:41)
      at TransformPluginContext.error (file:///C:/Users/jasmi/Desktop/pinnacle/Parser/resume-parser/node_modules/vite/dist/node/chunks/dep-BK3b2jBa.js:49253:16)
      at normalizeUrl (file:///C:/Users/jasmi/Desktop/pinnacle/Parser/resume-parser/node_modules/vite/dist/node/chunks/dep-BK3b2jBa.js:64307:23)
      at async file:///C:/Users/jasmi/Desktop/pinnacle/Parser/resume-parser/node_modules/vite/dist/node/chunks/dep-BK3b2jBa.js:64439:39
      at async Promise.all (index 0)
      at async TransformPluginContext.transform (file:///C:/Users/jasmi/Desktop/pinnacle/Parser/resume-parser/node_modules/vite/dist/node/chunks/dep-BK3b2jBa.js:64366:7)
      at async PluginContainer.transform (file:///C:/Users/jasmi/Desktop/pinnacle/Parser/resume-parser/node_modules/vite/dist/node/chunks/dep-BK3b2jBa.js:49099:18)
      at async loadAndTransform (file:///C:/Users/jasmi/Desktop/pinnacle/Parser/resume-parser/node_modules/vite/dist/node/chunks/dep-BK3b2jBa.js:51978:27)
      at async viteTransformMiddleware (file:///C:/Users/jasmi/Desktop/pinnacle/Parser/resume-parser/node_modules/vite/dist/node/chunks/dep-BK3b2jBa.js:62106:24)
[2m6:17:14 pm[22m [36m[1m[vite][22m[39m [32m✨ new dependencies optimized: [33mpdfjs-dist[32m[39m
[2m6:17:14 pm[22m [36m[1m[vite][22m[39m [32m✨ optimized dependencies changed. reloading[39m
[2m6:18:47 pm[22m [36m[1m[vite][22m[39m [32mhmr update [39m[2m/src/HeroSection.jsx[22m
[2m6:18:54 pm[22m [36m[1m[vite][22m[39m [32mhmr update [39m[2m/src/App.jsx[22m
[2m6:18:59 pm[22m [36m[1m[vite][22m[39m [32mhmr update [39m[2m/src/App.jsx[22m
[2m6:19:07 pm[22m [36m[1m[vite][22m[39m [32mhmr update [39m[2m/src/App.jsx[22m
[2m6:19:12 pm[22m [36m[1m[vite][22m[39m [32mhmr update [39m[2m/src/App.jsx[22m
[2m6:19:18 pm[22m [36m[1m[vite][22m[39m [32mhmr update [39m[2m/src/App.jsx[22m
[2m6:19:23 pm[22m [36m[1m[vite][22m[39m [32mhmr update [39m[2m/src/App.jsx[22m
[2m6:19:30 pm[22m [36m[1m[vite][22m[39m [32mhmr update [39m[2m/src/App.jsx[22m
[2m6:19:33 pm[22m [36m[1m[vite][22m[39m [32mhmr update [39m[2m/src/App.jsx[22m
[2m6:19:36 pm[22m [36m[1m[vite][22m[39m [32mhmr update [39m[2m/src/App.jsx[22m
[2m6:19:40 pm[22m [36m[1m[vite][22m[39m [32mhmr update [39m[2m/src/App.jsx[22m
[2m6:19:45 pm[22m [36m[1m[vite][22m[39m [32mhmr update [39m[2m/src/App.jsx[22m
[2m6:20:01 pm[22m [36m[1m[vite][22m[39m [32mhmr update [39m[2m/src/index.css[22m
[2m6:20:06 pm[22m [36m[1m[vite][22m[39m [32mhmr update [39m[2m/src/App.jsx[22m
[2m6:24:01 pm[22m [36m[1m[vite][22m[39m [32mhmr update [39m[2m/src/App.jsx[22m
[2m6:24:25 pm[22m [36m[1m[vite][22m[39m [32mhmr update [39m[2m/src/HeroSection.jsx[22m
[2m6:24:31 pm[22m [36m[1m[vite][22m[39m [32mhmr update [39m[2m/src/index.css[22m
[2m6:36:28 pm[22m [36m[1m[vite][22m[39m [32mhmr update [39m[2m/src/App.jsx[22m
